Component: Arm Compiler for Embedded 6.19 Tool: armlink [5e73cb00]

==============================================================================

Section Cross References

    startup_stm32u575xx.o(STACK) refers (Special) to heapauxi.o(.text) for __use_two_region_memory
    startup_stm32u575xx.o(HEAP) refers (Special) to heapauxi.o(.text) for __use_two_region_memory
    startup_stm32u575xx.o(RESET) refers (Special) to heapauxi.o(.text) for __use_two_region_memory
    startup_stm32u575xx.o(RESET) refers to startup_stm32u575xx.o(STACK) for __initial_sp
    startup_stm32u575xx.o(RESET) refers to startup_stm32u575xx.o(.text) for Reset_Handler
    startup_stm32u575xx.o(RESET) refers to stm32u5xx_it.o(.text.NMI_Handler) for NMI_Handler
    startup_stm32u575xx.o(RESET) refers to stm32u5xx_it.o(.text.HardFault_Handler) for HardFault_Handler
    startup_stm32u575xx.o(RESET) refers to stm32u5xx_it.o(.text.MemManage_Handler) for MemManage_Handler
    startup_stm32u575xx.o(RESET) refers to stm32u5xx_it.o(.text.BusFault_Handler) for BusFault_Handler
    startup_stm32u575xx.o(RESET) refers to stm32u5xx_it.o(.text.UsageFault_Handler) for UsageFault_Handler
    startup_stm32u575xx.o(RESET) refers to portasm.o(.text.SVC_Handler) for SVC_Handler
    startup_stm32u575xx.o(RESET) refers to stm32u5xx_it.o(.text.DebugMon_Handler) for DebugMon_Handler
    startup_stm32u575xx.o(RESET) refers to portasm.o(.text.PendSV_Handler) for PendSV_Handler
    startup_stm32u575xx.o(RESET) refers to port.o(.text.SysTick_Handler) for SysTick_Handler
    startup_stm32u575xx.o(RESET) refers to stm32u5xx_it.o(.text.TIM6_IRQHandler) for TIM6_IRQHandler
    startup_stm32u575xx.o(RESET) refers to stm32u5xx_it.o(.text.OTG_FS_IRQHandler) for OTG_FS_IRQHandler
    startup_stm32u575xx.o(.text) refers (Special) to heapauxi.o(.text) for __use_two_region_memory
    startup_stm32u575xx.o(.text) refers to system_stm32u5xx.o(.text.SystemInit) for SystemInit
    startup_stm32u575xx.o(.text) refers to __main.o(!!!main) for __main
    startup_stm32u575xx.o(.text) refers to startup_stm32u575xx.o(HEAP) for Heap_Mem
    startup_stm32u575xx.o(.text) refers to startup_stm32u575xx.o(STACK) for Stack_Mem
    main.o(.text.toggleLed) refers to stm32u5xx_hal_gpio.o(.text.HAL_GPIO_WritePin) for HAL_GPIO_WritePin
    main.o(.text.toggleLed) refers to stm32u5xx_hal.o(.text.HAL_Delay) for HAL_Delay
    main.o(.ARM.exidx.text.toggleLed) refers to main.o(.text.toggleLed) for [Anonymous Symbol]
    main.o(.text.main) refers to stm32u5xx_hal.o(.text.HAL_Init) for HAL_Init
    main.o(.text.main) refers to main.o(.text.SystemClock_Config) for SystemClock_Config
    main.o(.text.main) refers to stm32u5xx_hal_pwr_ex.o(.text.HAL_PWREx_EnableVddIO2) for HAL_PWREx_EnableVddIO2
    main.o(.text.main) refers to stm32u5xx_hal_pwr_ex.o(.text.HAL_PWREx_ConfigSupply) for HAL_PWREx_ConfigSupply
    main.o(.text.main) refers to stm32u5xx_hal_gpio.o(.text.HAL_GPIO_WritePin) for HAL_GPIO_WritePin
    main.o(.text.main) refers to stm32u5xx_hal_gpio.o(.text.HAL_GPIO_Init) for HAL_GPIO_Init
    main.o(.text.main) refers to main.o(.bss.hadc1) for hadc1
    main.o(.text.main) refers to stm32u5xx_hal_adc.o(.text.HAL_ADC_Init) for HAL_ADC_Init
    main.o(.text.main) refers to stm32u5xx_ll_gpio.o(.text.LL_GPIO_Init) for LL_GPIO_Init
    main.o(.text.main) refers to main.o(.bss.huart1) for huart1
    main.o(.text.main) refers to stm32u5xx_hal_uart.o(.text.HAL_UART_Init) for HAL_UART_Init
    main.o(.text.main) refers to stm32u5xx_hal_uart_ex.o(.text.HAL_UARTEx_SetTxFifoThreshold) for HAL_UARTEx_SetTxFifoThreshold
    main.o(.text.main) refers to stm32u5xx_hal_uart_ex.o(.text.HAL_UARTEx_SetRxFifoThreshold) for HAL_UARTEx_SetRxFifoThreshold
    main.o(.text.main) refers to stm32u5xx_hal_uart_ex.o(.text.HAL_UARTEx_DisableFifoMode) for HAL_UARTEx_DisableFifoMode
    main.o(.text.main) refers to main.o(.bss.hpcd_USB_OTG_FS) for hpcd_USB_OTG_FS
    main.o(.text.main) refers to stm32u5xx_hal_pcd.o(.text.HAL_PCD_Init) for HAL_PCD_Init
    main.o(.text.main) refers to main.o(.text.toggleLed) for toggleLed
    main.o(.text.main) refers to tasks.o(.text.xTaskCreate) for xTaskCreate
    main.o(.text.main) refers to tasks.o(.text.vTaskStartScheduler) for vTaskStartScheduler
    main.o(.ARM.exidx.text.main) refers to main.o(.text.main) for [Anonymous Symbol]
    main.o(.text.SystemClock_Config) refers to rt_memclr_w.o(.text) for __aeabi_memclr4
    main.o(.text.SystemClock_Config) refers to stm32u5xx_hal_pwr_ex.o(.text.HAL_PWREx_ControlVoltageScaling) for HAL_PWREx_ControlVoltageScaling
    main.o(.text.SystemClock_Config) refers to stm32u5xx_hal_rcc.o(.text.HAL_RCC_OscConfig) for HAL_RCC_OscConfig
    main.o(.text.SystemClock_Config) refers to stm32u5xx_hal_rcc.o(.text.HAL_RCC_ClockConfig) for HAL_RCC_ClockConfig
    main.o(.ARM.exidx.text.SystemClock_Config) refers to main.o(.text.SystemClock_Config) for [Anonymous Symbol]
[...]
    [Anonymous Symbol]                       0x080042c0   Section        0  stm32u5xx_hal_tim_ex.o(.text.HAL_TIMEx_BreakCallback)
    [Anonymous Symbol]                       0x080042c4   Section        0  stm32u5xx_hal_tim_ex.o(.text.HAL_TIMEx_CommutCallback)
    [Anonymous Symbol]                       0x080042c8   Section        0  stm32u5xx_hal_tim_ex.o(.text.HAL_TIMEx_DirectionChangeCallback)
    [Anonymous Symbol]                       0x080042cc   Section        0  stm32u5xx_hal_tim_ex.o(.text.HAL_TIMEx_EncoderIndexCallback)
    [Anonymous Symbol]                       0x080042d0   Section        0  stm32u5xx_hal_tim_ex.o(.text.HAL_TIMEx_IndexErrorCallback)
    [Anonymous Symbol]                       0x080042d4   Section        0  stm32u5xx_hal_tim_ex.o(.text.HAL_TIMEx_TransitionErrorCallback)
    [Anonymous Symbol]                       0x080042d8   Section        0  stm32u5xx_hal_tim.o(.text.HAL_TIM_Base_Init)
    [Anonymous Symbol]                       0x0800433c   Section        0  stm32u5xx_hal_tim.o(.text.HAL_TIM_Base_MspInit)
    [Anonymous Symbol]                       0x08004340   Section        0  stm32u5xx_hal_tim.o(.text.HAL_TIM_Base_Start_IT)
    [Anonymous Symbol]                       0x0800444c   Section        0  stm32u5xx_hal_tim.o(.text.HAL_TIM_IC_CaptureCallback)
    [Anonymous Symbol]                       0x08004450   Section        0  stm32u5xx_hal_tim.o(.text.HAL_TIM_IRQHandler)
    [Anonymous Symbol]                       0x08004660   Section        0  stm32u5xx_hal_tim.o(.text.HAL_TIM_OC_DelayElapsedCallback)
    [Anonymous Symbol]                       0x08004664   Section        0  stm32u5xx_hal_tim.o(.text.HAL_TIM_PWM_PulseFinishedCallback)
    [Anonymous Symbol]                       0x08004668   Section        0  main.o(.text.HAL_TIM_PeriodElapsedCallback)
    [Anonymous Symbol]                       0x0800467c   Section        0  stm32u5xx_hal_tim.o(.text.HAL_TIM_TriggerCallback)
    [Anonymous Symbol]                       0x08004680   Section        0  stm32u5xx_hal_uart_ex.o(.text.HAL_UARTEx_DisableFifoMode)
    [Anonymous Symbol]                       0x080046b8   Section        0  stm32u5xx_hal_uart_ex.o(.text.HAL_UARTEx_SetRxFifoThreshold)
    [Anonymous Symbol]                       0x08004744   Section        0  stm32u5xx_hal_uart_ex.o(.text.HAL_UARTEx_SetTxFifoThreshold)
    [Anonymous Symbol]                       0x080047d0   Section        0  stm32u5xx_hal_uart.o(.text.HAL_UART_Init)
    [Anonymous Symbol]                       0x08004838   Section        0  stm32u5xx_hal_msp.o(.text.HAL_UART_MspInit)
    [Anonymous Symbol]                       0x080048c4   Section        0  stm32u5xx_it.o(.text.HardFault_Handler)
    [Anonymous Symbol]                       0x080048c8   Section        0  stm32u5xx_ll_gpio.o(.text.LL_GPIO_Init)
    [Anonymous Symbol]                       0x080049b0   Section        0  stm32u5xx_it.o(.text.MemManage_Handler)
    [Anonymous Symbol]                       0x080049b4   Section        0  stm32u5xx_it.o(.text.NMI_Handler)
    [Anonymous Symbol]                       0x080049b8   Section        0  stm32u5xx_it.o(.text.OTG_FS_IRQHandler)
    [Anonymous Symbol]                       0x080049d0   Section        0  portasm.o(.text.PendSV_Handler)
    pxCurrentTCBConst                        0x08004a30   Number         0  portasm.o(.text.PendSV_Handler)
    RCCEx_PLL2_Config                        0x08004a35   Thumb Code   248  stm32u5xx_hal_rcc_ex.o(.text.RCCEx_PLL2_Config)
    [Anonymous Symbol]                       0x08004a34   Section        0  stm32u5xx_hal_rcc_ex.o(.text.RCCEx_PLL2_Config)
    RCCEx_PLL3_Config                        0x08004b2d   Thumb Code   248  stm32u5xx_hal_rcc_ex.o(.text.RCCEx_PLL3_Config)
    [Anonymous Symbol]                       0x08004b2c   Section        0  stm32u5xx_hal_rcc_ex.o(.text.RCCEx_PLL3_Config)
    [Anonymous Symbol]                       0x08004c30   Section        0  portasm.o(.text.SVC_Handler)
    svchandler_address_const                 0x08004c50   Number         0  portasm.o(.text.SVC_Handler)
    [Anonymous Symbol]                       0x08004c54   Section        0  port.o(.text.SysTick_Handler)
    [Anonymous Symbol]                       0x08004c7c   Section        0  main.o(.text.SystemClock_Config)
    [Anonymous Symbol]                       0x08004d24   Section        0  system_stm32u5xx.o(.text.SystemInit)
    [Anonymous Symbol]                       0x08004d70   Section        0  stm32u5xx_it.o(.text.TIM6_IRQHandler)
    [Anonymous Symbol]                       0x08004d7c   Section        0  stm32u5xx_hal_tim.o(.text.TIM_Base_SetConfig)
    [Anonymous Symbol]                       0x08004ff8   Section        0  stm32u5xx_hal_uart.o(.text.UART_AdvFeatureConfig)
    [Anonymous Symbol]                       0x080050e0   Section        0  stm32u5xx_hal_uart.o(.text.UART_CheckIdleState)
    [Anonymous Symbol]                       0x08005250   Section        0  stm32u5xx_hal_uart.o(.text.UART_SetConfig)
    [Anonymous Symbol]                       0x0800545c   Section        0  stm32u5xx_hal_uart.o(.text.UART_WaitOnFlagUntilTimeout)
    [Anonymous Symbol]                       0x0800573c   Section        0  stm32u5xx_ll_usb.o(.text.USB_ActivateSetup)
    [Anonymous Symbol]                       0x0800575c   Section        0  stm32u5xx_ll_usb.o(.text.USB_CoreInit)
    [Anonymous Symbol]                       0x08005858   Section        0  stm32u5xx_ll_usb.o(.text.USB_DevDisconnect)
    [Anonymous Symbol]                       0x08005878   Section        0  stm32u5xx_ll_usb.o(.text.USB_DevInit)
    [Anonymous Symbol]                       0x08005ce4   Section        0  stm32u5xx_ll_usb.o(.text.USB_DisableGlobalInt)
    [Anonymous Symbol]                       0x08005cf4   Section        0  stm32u5xx_ll_usb.o(.text.USB_EP0_OutStart)
    [Anonymous Symbol]                       0x08005d50   Section        0  stm32u5xx_ll_usb.o(.text.USB_EPStopXfer)
    [Anonymous Symbol]                       0x08005e60   Section        0  stm32u5xx_ll_usb.o(.text.USB_FlushTxFifo)
    [Anonymous Symbol]                       0x08005f18   Section        0  stm32u5xx_ll_usb.o(.text.USB_GetDevSpeed)
    [Anonymous Symbol]                       0x08005f34   Section        0  stm32u5xx_ll_usb.o(.text.USB_GetMode)
    [Anonymous Symbol]                       0x08005f3c   Section        0  stm32u5xx_ll_usb.o(.text.USB_ReadDevAllInEpInterrupt)
    [Anonymous Symbol]                       0x08005f4c   Section        0  stm32u5xx_ll_usb.o(.text.USB_ReadDevAllOutEpInterrupt)
    [Anonymous Symbol]                       0x08005f5c   Section        0  stm32u5xx_ll_usb.o(.text.USB_ReadDevInEPInterrupt)
    [Anonymous Symbol]                       0x08005f80   Section        0  stm32u5xx_ll_usb.o(.text.USB_ReadDevOutEPInterrupt)
    [Anonymous Symbol]                       0x08005f90   Section        0  stm32u5xx_ll_usb.o(.text.USB_ReadInterrupts)
    [Anonymous Symbol]                       0x08005f98   Section        0  stm32u5xx_ll_usb.o(.text.USB_ReadPacket)
    [Anonymous Symbol]                       0x08006044   Section        0  stm32u5xx_ll_usb.o(.text.USB_SetCurrentMode)
    [Anonymous Symbol]                       0x080060a8   Section        0  stm32u5xx_ll_usb.o(.text.USB_SetTurnaroundTime)
    [Anonymous Symbol]                       0x080061c8   Section        0  stm32u5xx_ll_usb.o(.text.USB_WritePacket)
    [Anonymous Symbol]                       0x08006238   Section        0  stm32u5xx_it.o(.text.UsageFault_Handler)
    [Anonymous Symbol]                       0x0800623c   Section        0  main.o(.text.main)
    prvIdleTask                              0x08006501   Thumb Code    80  tasks.o(.text.prvIdleTask)
    [Anonymous Symbol]                       0x08006500   Section        0  tasks.o(.text.prvIdleTask)
    prvTaskExitError                         0x08006551   Thumb Code    54  port.o(.text.prvTaskExitError)
    [Anonymous Symbol]                       0x08006550   Section        0  port.o(.text.prvTaskExitError)
    [Anonymous Symbol]                       0x08006588   Section        0  heap_4.o(.text.pvPortMalloc)
    [Anonymous Symbol]                       0x08006740   Section        0  port.o(.text.pxPortInitialiseStack)
    [Anonymous Symbol]                       0x080067b0   Section        0  main.o(.text.toggleLed)
    [Anonymous Symbol]                       0x080067e0   Section        0  portasm.o(.text.ulSetInterruptMask)
    [Anonymous Symbol]                       0x080067f8   Section        0  list.o(.text.uxListRemove)
    [Anonymous Symbol]                       0x0800681c   Section        0  portasm.o(.text.vClearInterruptMask)
    [Anonymous Symbol]                       0x0800682c   Section        0  list.o(.text.vListInitialise)
    [Anonymous Symbol]                       0x08006844   Section        0  list.o(.text.vListInitialiseItem)
    [Anonymous Symbol]                       0x0800684c   Section        0  port.o(.text.vPortEnterCritical)
    [Anonymous Symbol]                       0x0800686c   Section        0  port.o(.text.vPortExitCritical)
    [Anonymous Symbol]                       0x0800689c   Section        0  heap_4.o(.text.vPortFree)
    __tagsym$$used.0                         0x0800695c   Number         0  port.o(.text.vPortSVCHandler_C)
    [Anonymous Symbol]                       0x0800695c   Section        0  port.o(.text.vPortSVCHandler_C)
    [Anonymous Symbol]                       0x08006994   Section        0  port.o(.text.vPortSetupTimerInterrupt)
    [Anonymous Symbol]                       0x080069c8   Section        0  port.o(.text.vPortYield)
    [Anonymous Symbol]                       0x080069e0   Section        0  portasm.o(.text.vRestoreContextOfFirstTask)
    pxCurrentTCBConst2                       0x08006a10   Number         0  portasm.o(.text.vRestoreContextOfFirstTask)
    [Anonymous Symbol]                       0x08006a20   Section        0  portasm.o(.text.vStartFirstTask)
    xVTORConst                               0x08006a40   Number         0  portasm.o(.text.vStartFirstTask)
    [Anonymous Symbol]                       0x08006a44   Section        0  tasks.o(.text.vTaskStartScheduler)
    [Anonymous Symbol]                       0x08006aa8   Section        0  tasks.o(.text.vTaskSuspendAll)
    __tagsym$$used.0                         0x08006ab8   Number         0  tasks.o(.text.vTaskSwitchContext)
    [Anonymous Symbol]                       0x08006ab8   Section        0  tasks.o(.text.vTaskSwitchContext)
    [Anonymous Symbol]                       0x08006b60   Section        0  port.o(.text.xPortStartScheduler)
    [Anonymous Symbol]                       0x08006bbc   Section        0  tasks.o(.text.xTaskCreate)
    [Anonymous Symbol]                       0x08006dc0   Section        0  tasks.o(.text.xTaskIncrementTick)
    [Anonymous Symbol]                       0x08006f34   Section        0  tasks.o(.text.xTaskResumeAll)
    $v0                                      0x08007058   Number         0  fpinit.o(x$fpl$fpinit)
    x$fpl$fpinit                             0x08007058   Section       26  fpinit.o(x$fpl$fpinit)
    LPGPIO_Map                               0x0800708c   Data         128  stm32u5xx_hal_gpio.o(.rodata.LPGPIO_Map)
    [Anonymous Symbol]                       0x0800708c   Section        0  stm32u5xx_hal_gpio.o(.rodata.LPGPIO_Map)
    UARTEx_SetNbDataToProcess.numerator      0x08007164   Data           8  stm32u5xx_hal_uart_ex.o(.rodata.cst8)
    [Anonymous Symbol]                       0x08007164   Section        0  stm32u5xx_hal_uart_ex.o(.rodata.cst8)
    UARTEx_SetNbDataToProcess.denominator    0x0800716c   Data           8  stm32u5xx_hal_uart_ex.o(.rodata.cst8)
    .L_MergedGlobals                         0x20000000   Data           8  stm32u5xx_hal.o(.data..L_MergedGlobals)
    [Anonymous Symbol]                       0x20000000   Section        0  stm32u5xx_hal.o(.data..L_MergedGlobals)
    ulCriticalNesting                        0x2000000c   Data           4  port.o(.data.ulCriticalNesting)
    [Anonymous Symbol]                       0x2000000c   Section        0  port.o(.data.ulCriticalNesting)
    .bss                                     0x20000010   Section       96  libspace.o(.bss)
    .L_MergedGlobals                         0x20000070   Data         116  tasks.o(.bss..L_MergedGlobals)
    uxTaskNumber                             0x20000070   Data           4  tasks.o(.bss..L_MergedGlobals)
    [Anonymous Symbol]                       0x20000070   Section        0  tasks.o(.bss..L_MergedGlobals)
    uxDeletedTasksWaitingCleanUp             0x20000074   Data           4  tasks.o(.bss..L_MergedGlobals)
    uxCurrentNumberOfTasks                   0x20000078   Data           4  tasks.o(.bss..L_MergedGlobals)
    xSchedulerRunning                        0x2000007c   Data           4  tasks.o(.bss..L_MergedGlobals)
    uxSchedulerSuspended                     0x20000080   Data           4  tasks.o(.bss..L_MergedGlobals)
    xTickCount                               0x20000084   Data           4  tasks.o(.bss..L_MergedGlobals)
    pxDelayedTaskList                        0x20000088   Data           4  tasks.o(.bss..L_MergedGlobals)
    pxOverflowDelayedTaskList                0x2000008c   Data           4  tasks.o(.bss..L_MergedGlobals)
    uxTopReadyPriority                       0x20000090   Data           4  tasks.o(.bss..L_MergedGlobals)
    xYieldPending                            0x20000094   Data           4  tasks.o(.bss..L_MergedGlobals)
    xIdleTaskHandle                          0x20000098   Data           4  tasks.o(.bss..L_MergedGlobals)
    xNextTaskUnblockTime                     0x2000009c   Data           4  tasks.o(.bss..L_MergedGlobals)
    xPendedTicks                             0x200000a0   Data           4  tasks.o(.bss..L_MergedGlobals)
    xNumOfOverflows                          0x200000a4   Data           4  tasks.o(.bss..L_MergedGlobals)
    xTasksWaitingTermination                 0x200000a8   Data          20  tasks.o(.bss..L_MergedGlobals)
    xSuspendedTaskList                       0x200000bc   Data          20  tasks.o(.bss..L_MergedGlobals)
    xPendingReadyList                        0x200000d0   Data          20  tasks.o(.bss..L_MergedGlobals)
    .L_MergedGlobals                         0x200000e4   Data          28  heap_4.o(.bss..L_MergedGlobals)
    pxEnd                                    0x200000e4   Data           4  heap_4.o(.bss..L_MergedGlobals)
    [Anonymous Symbol]                       0x200000e4   Section        0  heap_4.o(.bss..L_MergedGlobals)
    xFreeBytesRemaining                      0x200000e8   Data           4  heap_4.o(.bss..L_MergedGlobals)
    xMinimumEverFreeBytesRemaining           0x200000ec   Data           4  heap_4.o(.bss..L_MergedGlobals)
    xNumberOfSuccessfulAllocations           0x200000f0   Data           4  heap_4.o(.bss..L_MergedGlobals)
    xNumberOfSuccessfulFrees                 0x200000f4   Data           4  heap_4.o(.bss..L_MergedGlobals)
    xStart                                   0x200000f8   Data           8  heap_4.o(.bss..L_MergedGlobals)
    .L_MergedGlobals.1                       0x20000100   Data          40  tasks.o(.bss..L_MergedGlobals.1)
    xDelayedTaskList1                        0x20000100   Data          20  tasks.o(.bss..L_MergedGlobals.1)
    [Anonymous Symbol]                       0x20000100   Section        0  tasks.o(.bss..L_MergedGlobals.1)
    xDelayedTaskList2                        0x20000114   Data          20  tasks.o(.bss..L_MergedGlobals.1)
    __tagsym$$used.1                         0x200007a0   Number         0  tasks.o(.bss.pxCurrentTCB)
    pxReadyTasksLists                        0x200007a4   Data         100  tasks.o(.bss.pxReadyTasksLists)
    [Anonymous Symbol]                       0x200007a4   Section        0  tasks.o(.bss.pxReadyTasksLists)
    ucHeap                                   0x20000808   Data       76800  heap_4.o(.bss.ucHeap)
    [Anonymous Symbol]                       0x20000808   Section        0  heap_4.o(.bss.ucHeap)
    Heap_Mem                                 0x20013410   Data         512  startup_stm32u575xx.o(HEAP)
    HEAP                                     0x20013410   Section      512  startup_stm32u575xx.o(HEAP)
    Stack_Mem                                0x20013610   Data        1024  startup_stm32u575xx.o(STACK)
    STACK                                    0x20013610   Section     1024  startup_stm32u575xx.o(STACK)
    __initial_sp                             0x20013a10   Data           0  startup_stm32u575xx.o(STACK)

    Global Symbols

    Symbol Name                              Value     Ov Type        Size  Object(Section)

    BuildAttributes$$THM_ISAv4$E$P$D$K$B$S$7EM$8M$VFPi5$EXTD16$VFPS$VFMA$PE$A:L22UL41UL21$X:L11$S22US41US21$IEEE1$IW$~IW$USESV6$~STKCKD$USESV7$~SHL$OTIME$ROPI$EBA8$UX$STANDARDLIB$REQ8$PRES8$EABIv2 0x00000000   Number         0  anon$$obj.o ABSOLUTE
    __ARM_exceptions_init                     - Undefined Weak Reference
    __alloca_initialize                       - Undefined Weak Reference
    __arm_preinit_                            - Undefined Weak Reference
    __arm_relocate_pie_                       - Undefined Weak Reference
    __cpp_initialize__aeabi_                  - Undefined Weak Reference
    __cxa_finalize                            - Undefined Weak Reference
    __rt_locale                               - Undefined Weak Reference
    __sigvec_lookup                           - Undefined Weak Reference
    _atexit_init                              - Undefined Weak Reference
    _call_atexit_fns                          - Undefined Weak Reference
    _clock_init                               - Undefined Weak Reference
    _fp_trap_init                             - Undefined Weak Reference
    _fp_trap_shutdown                         - Undefined Weak Reference
    _get_lc_collate                           - Undefined Weak Reference
    _get_lc_ctype                             - Undefined Weak Reference
    _get_lc_monetary                          - Undefined Weak Reference
    _get_lc_numeric                           - Undefined Weak Reference
    _get_lc_time                              - Undefined Weak Reference
    _getenv_init                              - Undefined Weak Reference
    _handle_redirection                       - Undefined Weak Reference
    _init_alloc                               - Undefined Weak Reference
    _init_user_alloc                          - Undefined Weak Reference
    _initio                                   - Undefined Weak Reference
    _rand_init                                - Undefined Weak Reference
    _signal_finish                            - Undefined Weak Reference
    _signal_init                              - Undefined Weak Reference
    _terminate_alloc                          - Undefined Weak Reference
    _terminate_user_alloc                     - Undefined Weak Reference
    _terminateio                              - Undefined Weak Reference
    __Vectors_Size                           0x00000238   Number         0  startup_stm32u575xx.o ABSOLUTE
    __Vectors                                0x08000000   Data           4  startup_stm32u575xx.o(RESET)
    __Vectors_End                            0x08000238   Data           0  startup_stm32u575xx.o(RESET)
    __main                                   0x08000239   Thumb Code     8  __main.o(!!!main)
    __scatterload                            0x08000241   Thumb Code     0  __scatter.o(!!!scatter)
    __scatterload_rt2                        0x08000241   Thumb Code    44  __scatter.o(!!!scatter)
    __scatterload_rt2_thumb_only             0x08000241   Thumb Code     0  __scatter.o(!!!scatter)
    __scatterload_null                       0x0800024f   Thumb Code     0  __scatter.o(!!!scatter)
    __scatterload_copy                       0x08000275   Thumb Code    26  __scatter_copy.o(!!handler_copy)
    __scatterload_zeroinit                   0x08000291   Thumb Code    28  __scatter_zi.o(!!handler_zi)
    __rt_lib_init                            0x080002ad   Thumb Code     0  libinit.o(.ARM.Collect$$libinit$$00000000)
    __rt_lib_init_fp_1                       0x080002af   Thumb Code     0  libinit2.o(.ARM.Collect$$libinit$$00000001)
    __rt_lib_init_alloca_1                   0x080002b3   Thumb Code     0  libinit2.o(.ARM.Collect$$libinit$$00000030)
    __rt_lib_init_argv_1                     0x080002b3   Thumb Code     0  libinit2.o(.ARM.Collect$$libinit$$0000002E)
    __rt_lib_init_atexit_1                   0x080002b3   Thumb Code     0  libinit2.o(.ARM.Collect$$libinit$$0000001D)
    __rt_lib_init_clock_1                    0x080002b3   Thumb Code     0  libinit2.o(.ARM.Collect$$libinit$$00000023)
    __rt_lib_init_cpp_1                      0x080002b3   Thumb Code     0  libinit2.o(.ARM.Collect$$libinit$$00000034)
    __rt_lib_init_exceptions_1               0x080002b3   Thumb Code     0  libinit2.o(.ARM.Collect$$libinit$$00000032)
    __rt_lib_init_fp_trap_1                  0x080002b3   Thumb Code     0  libinit2.o(.ARM.Collect$$libinit$$00000021)
    __rt_lib_init_getenv_1                   0x080002b3   Thumb Code     0  libinit2.o(.ARM.Collect$$libinit$$00000025)
    __rt_lib_init_heap_1                     0x080002b3   Thumb Code     0  libinit2.o(.ARM.Collect$$libinit$$0000000C)
    __rt_lib_init_lc_collate_1               0x080002b3   Thumb Code     0  libinit2.o(.ARM.Collect$$libinit$$00000013)
    __rt_lib_init_lc_ctype_1                 0x080002b3   Thumb Code     0  libinit2.o(.ARM.Collect$$libinit$$00000015)
    __rt_lib_init_lc_monetary_1              0x080002b3   Thumb Code     0  libinit2.o(.ARM.Collect$$libinit$$00000017)
    __rt_lib_init_lc_numeric_1               0x080002b3   Thumb Code     0  libinit2.o(.ARM.Collect$$libinit$$00000019)
    __rt_lib_init_lc_time_1                  0x080002b3   Thumb Code     0  libinit2.o(.ARM.Collect$$libinit$$0000001B)
    __rt_lib_init_preinit_1                  0x080002b3   Thumb Code     0  libinit2.o(.ARM.Collect$$libinit$$00000006)
    __rt_lib_init_rand_1                     0x080002b3   Thumb Code     0  libinit2.o(.ARM.Collect$$libinit$$00000010)
    __rt_lib_init_relocate_pie_1             0x080002b3   Thumb Code     0  libinit2.o(.ARM.Collect$$libinit$$00000004)
    __rt_lib_init_return                     0x080002b3   Thumb Code     0  libinit2.o(.ARM.Collect$$libinit$$00000035)
    __rt_lib_init_signal_1                   0x080002b3   Thumb Code     0  libinit2.o(.ARM.Collect$$libinit$$0000001F)
    __rt_lib_init_stdio_1                    0x080002b3   Thumb Code     0  libinit2.o(.ARM.Collect$$libinit$$00000027)
    __rt_lib_init_user_alloc_1               0x080002b3   Thumb Code     0  libinit2.o(.ARM.Collect$$libinit$$0000000E)
    __rt_lib_shutdown                        0x080002b5   Thumb Code     0  libshutdown.o(.ARM.Collect$$libshutdown$$00000000)
    __rt_lib_shutdown_cpp_1                  0x080002b7   Thumb Code     0  libshutdown2.o(.ARM.Collect$$libshutdown$$00000002)
    __rt_lib_shutdown_fp_trap_1              0x080002b7   Thumb Code     0  libshutdown2.o(.ARM.Collect$$libshutdown$$00000007)
    __rt_lib_shutdown_heap_1                 0x080002b7   Thumb Code     0  libshutdown2.o(.ARM.Collect$$libshutdown$$0000000F)
    __rt_lib_shutdown_return                 0x080002b7   Thumb Code     0  libshutdown2.o(.ARM.Collect$$libshutdown$$00000010)
    __rt_lib_shutdown_signal_1               0x080002b7   Thumb Code     0  libshutdown2.o(.ARM.Collect$$libshutdown$$0000000A)
    __rt_lib_shutdown_stdio_1                0x080002b7   Thumb Code     0  libshutdown2.o(.ARM.Collect$$libshutdown$$00000004)
    __rt_lib_shutdown_user_alloc_1           0x080002b7   Thumb Code     0  libshutdown2.o(.ARM.Collect$$libshutdown$$0000000C)
    __rt_entry                               0x080002b9   Thumb Code     0  __rtentry.o(.ARM.Collect$$rtentry$$00000000)
    __rt_entry_presh_1                       0x080002b9   Thumb Code     0  __rtentry2.o(.ARM.Collect$$rtentry$$00000002)
    __rt_entry_sh                            0x080002b9   Thumb Code     0  __rtentry4.o(.ARM.Collect$$rtentry$$00000004)
    __rt_entry_li                            0x080002bf   Thumb Code     0  __rtentry2.o(.ARM.Collect$$rtentry$$0000000A)
    __rt_entry_postsh_1                      0x080002bf   Thumb Code     0  __rtentry2.o(.ARM.Collect$$rtentry$$00000009)
    __rt_entry_main                          0x080002c3   Thumb Code     0  __rtentry2.o(.ARM.Collect$$rtentry$$0000000D)
    __rt_entry_postli_1                      0x080002c3   Thumb Code     0  __rtentry2.o(.ARM.Collect$$rtentry$$0000000C)
    __rt_exit                                0x080002cb   Thumb Code     0  rtexit.o(.ARM.Collect$$rtexit$$00000000)
    __rt_exit_ls                             0x080002cd   Thumb Code     0  rtexit2.o(.ARM.Collect$$rtexit$$00000003)
    __rt_exit_prels_1                        0x080002cd   Thumb Code     0  rtexit2.o(.ARM.Collect$$rtexit$$00000002)
    __rt_exit_exit                           0x080002d1   Thumb Code     0  rtexit2.o(.ARM.Collect$$rtexit$$00000004)
    Reset_Handler                            0x080002d9   Thumb Code     8  startup_stm32u575xx.o(.text)
    SecureFault_Handler                      0x080002eb   Thumb Code     2  startup_stm32u575xx.o(.text)
    ADC1_IRQHandler                          0x080002f5   Thumb Code     0  startup_stm32u575xx.o(.text)
    ADC4_IRQHandler                          0x080002f5   Thumb Code     0  startup_stm32u575xx.o(.text)
    ADF1_IRQHandler                          0x080002f5   Thumb Code     0  startup_stm32u575xx.o(.text)
    COMP_IRQHandler                          0x080002f5   Thumb Code     0  startup_stm32u575xx.o(.text)
    CORDIC_IRQHandler                        0x080002f5   Thumb Code     0  startup_stm32u575xx.o(.text)
    CRS_IRQHandler                           0x080002f5   Thumb Code     0  startup_stm32u575xx.o(.text)
    DAC1_IRQHandler                          0x080002f5   Thumb Code     0  startup_stm32u575xx.o(.text)
    DCACHE1_IRQHandler                       0x080002f5   Thumb Code     0  startup_stm32u575xx.o(.text)
    DCMI_PSSI_IRQHandler                     0x080002f5   Thumb Code     0  startup_stm32u575xx.o(.text)
    DMA2D_IRQHandler                         0x080002f5   Thumb Code     0  startup_stm32u575xx.o(.text)
    EXTI0_IRQHandler                         0x080002f5   Thumb Code     0  startup_stm32u575xx.o(.text)
    EXTI10_IRQHandler                        0x080002f5   Thumb Code     0  startup_stm32u575xx.o(.text)
    EXTI11_IRQHandler                        0x080002f5   Thumb Code     0  startup_stm32u575xx.o(.text)
    EXTI12_IRQHandler                        0x080002f5   Thumb Code     0  startup_stm32u575xx.o(.text)
    EXTI13_IRQHandler                        0x080002f5   Thumb Code     0  startup_stm32u575xx.o(.text)
    EXTI14_IRQHandler                        0x080002f5   Thumb Code     0  startup_stm32u575xx.o(.text)
    EXTI15_IRQHandler                        0x080002f5   Thumb Code     0  startup_stm32u575xx.o(.text)
    EXTI1_IRQHandler                         0x080002f5   Thumb Code     0  startup_stm32u575xx.o(.text)
    EXTI2_IRQHandler                         0x080002f5   Thumb Code     0  startup_stm32u575xx.o(.text)
    EXTI3_IRQHandler                         0x080002f5   Thumb Code     0  startup_stm32u575xx.o(.text)
    EXTI4_IRQHandler                         0x080002f5   Thumb Code     0  startup_stm32u575xx.o(.text)
    EXTI5_IRQHandler                         0x080002f5   Thumb Code     0  startup_stm32u575xx.o(.text)
    EXTI6_IRQHandler                         0x080002f5   Thumb Code     0  startup_stm32u575xx.o(.text)
    EXTI7_IRQHandler                         0x080002f5   Thumb Code     0  startup_stm32u575xx.o(.text)
    EXTI8_IRQHandler                         0x080002f5   Thumb Code     0  startup_stm32u575xx.o(.text)
    EXTI9_IRQHandler                         0x080002f5   Thumb Code     0  startup_stm32u575xx.o(.text)
    FDCAN1_IT0_IRQHandler                    0x080002f5   Thumb Code     0  startup_stm32u575xx.o(.text)
    FDCAN1_IT1_IRQHandler                    0x080002f5   Thumb Code     0  startup_stm32u575xx.o(.text)
    FLASH_IRQHandler                         0x080002f5   Thumb Code     0  startup_stm32u575xx.o(.text)
    FLASH_S_IRQHandler                       0x080002f5   Thumb Code     0  startup_stm32u575xx.o(.text)
    FMAC_IRQHandler                          0x080002f5   Thumb Code     0  startup_stm32u575xx.o(.text)
    FMC_IRQHandler                           0x080002f5   Thumb Code     0  startup_stm32u575xx.o(.text)
    FPU_IRQHandler                           0x080002f5   Thumb Code     0  startup_stm32u575xx.o(.text)
    GPDMA1_Channel0_IRQHandler               0x080002f5   Thumb Code     0  startup_stm32u575xx.o(.text)
    GPDMA1_Channel10_IRQHandler              0x080002f5   Thumb Code     0  startup_stm32u575xx.o(.text)
    GPDMA1_Channel11_IRQHandler              0x080002f5   Thumb Code     0  startup_stm32u575xx.o(.text)
    GPDMA1_Channel12_IRQHandler              0x080002f5   Thumb Code     0  startup_stm32u575xx.o(.text)
    GPDMA1_Channel13_IRQHandler              0x080002f5   Thumb Code     0  startup_stm32u575xx.o(.text)
    GPDMA1_Channel14_IRQHandler              0x080002f5   Thumb Code     0  startup_stm32u575xx.o(.text)
    GPDMA1_Channel15_IRQHandler              0x080002f5   Thumb Code     0  startup_stm32u575xx.o(.text)
    GPDMA1_Channel1_IRQHandler               0x080002f5   Thumb Code     0  startup_stm32u575xx.o(.text)
    GPDMA1_Channel2_IRQHandler               0x080002f5   Thumb Code     0  startup_stm32u575xx.o(.text)
    GPDMA1_Channel3_IRQHandler               0x080002f5   Thumb Code     0  startup_stm32u575xx.o(.text)
    GPDMA1_Channel4_IRQHandler               0x080002f5   Thumb Code     0  startup_stm32u575xx.o(.text)
    GPDMA1_Channel5_IRQHandler               0x080002f5   Thumb Code     0  startup_stm32u575xx.o(.text)
    GPDMA1_Channel6_IRQHandler               0x080002f5   Thumb Code     0  startup_stm32u575xx.o(.text)
    GPDMA1_Channel7_IRQHandler               0x080002f5   Thumb Code     0  startup_stm32u575xx.o(.text)
    GPDMA1_Channel8_IRQHandler               0x080002f5   Thumb Code     0  startup_stm32u575xx.o(.text)
    GPDMA1_Channel9_IRQHandler               0x080002f5   Thumb Code     0  startup_stm32u575xx.o(.text)
    GTZC_IRQHandler                          0x080002f5   Thumb Code     0  startup_stm32u575xx.o(.text)
    HASH_IRQHandler                          0x080002f5   Thumb Code     0  startup_stm32u575xx.o(.text)
    I2C1_ER_IRQHandler                       0x080002f5   Thumb Code     0  startup_stm32u575xx.o(.text)
    I2C1_EV_IRQHandler                       0x080002f5   Thumb Code     0  startup_stm32u575xx.o(.text)
    I2C2_ER_IRQHandler                       0x080002f5   Thumb Code     0  startup_stm32u575xx.o(.text)
    I2C2_EV_IRQHandler                       0x080002f5   Thumb Code     0  startup_stm32u575xx.o(.text)
    I2C3_ER_IRQHandler                       0x080002f5   Thumb Code     0  startup_stm32u575xx.o(.text)
    I2C3_EV_IRQHandler                       0x080002f5   Thumb Code     0  startup_stm32u575xx.o(.text)
    I2C4_ER_IRQHandler                       0x080002f5   Thumb Code     0  startup_stm32u575xx.o(.text)
    I2C4_EV_IRQHandler                       0x080002f5   Thumb Code     0  startup_stm32u575xx.o(.text)
    ICACHE_IRQHandler                        0x080002f5   Thumb Code     0  startup_stm32u575xx.o(.text)
    IWDG_IRQHandler                          0x080002f5   Thumb Code     0  startup_stm32u575xx.o(.text)
    LPDMA1_Channel0_IRQHandler               0x080002f5   Thumb Code     0  startup_stm32u575xx.o(.text)
    LPDMA1_Channel1_IRQHandler               0x080002f5   Thumb Code     0  startup_stm32u575xx.o(.text)
    LPDMA1_Channel2_IRQHandler               0x080002f5   Thumb Code     0  startup_stm32u575xx.o(.text)
    LPDMA1_Channel3_IRQHandler               0x080002f5   Thumb Code     0  startup_stm32u575xx.o(.text)
    LPTIM1_IRQHandler                        0x080002f5   Thumb Code     0  startup_stm32u575xx.o(.text)
    LPTIM2_IRQHandler                        0x080002f5   Thumb Code     0  startup_stm32u575xx.o(.text)
    LPTIM3_IRQHandler                        0x080002f5   Thumb Code     0  startup_stm32u575xx.o(.text)
    LPTIM4_IRQHandler                        0x080002f5   Thumb Code     0  startup_stm32u575xx.o(.text)
    LPUART1_IRQHandler                       0x080002f5   Thumb Code     0  startup_stm32u575xx.o(.text)
    LSECSSD_IRQHandler                       0x080002f5   Thumb Code     0  startup_stm32u575xx.o(.text)
    MDF1_FLT0_IRQHandler                     0x080002f5   Thumb Code     0  startup_stm32u575xx.o(.text)
    MDF1_FLT1_IRQHandler                     0x080002f5   Thumb Code     0  startup_stm32u575xx.o(.text)
    MDF1_FLT2_IRQHandler                     0x080002f5   Thumb Code     0  startup_stm32u575xx.o(.text)
    MDF1_FLT3_IRQHandler                     0x080002f5   Thumb Code     0  startup_stm32u575xx.o(.text)
    MDF1_FLT4_IRQHandler                     0x080002f5   Thumb Code     0  startup_stm32u575xx.o(.text)
    MDF1_FLT5_IRQHandler                     0x080002f5   Thumb Code     0  startup_stm32u575xx.o(.text)
    OCTOSPI1_IRQHandler                      0x080002f5   Thumb Code     0  startup_stm32u575xx.o(.text)
    OCTOSPI2_IRQHandler                      0x080002f5   Thumb Code     0  startup_stm32u575xx.o(.text)
    PVD_PVM_IRQHandler                       0x080002f5   Thumb Code     0  startup_stm32u575xx.o(.text)
    PWR_S3WU_IRQHandler                      0x080002f5   Thumb Code     0  startup_stm32u575xx.o(.text)
    RAMCFG_IRQHandler                        0x080002f5   Thumb Code     0  startup_stm32u575xx.o(.text)
    RCC_IRQHandler                           0x080002f5   Thumb Code     0  startup_stm32u575xx.o(.text)
    RCC_S_IRQHandler                         0x080002f5   Thumb Code     0  startup_stm32u575xx.o(.text)
    RNG_IRQHandler                           0x080002f5   Thumb Code     0  startup_stm32u575xx.o(.text)
    RTC_IRQHandler                           0x080002f5   Thumb Code     0  startup_stm32u575xx.o(.text)
    RTC_S_IRQHandler                         0x080002f5   Thumb Code     0  startup_stm32u575xx.o(.text)
    SAI1_IRQHandler                          0x080002f5   Thumb Code     0  startup_stm32u575xx.o(.text)
    SAI2_IRQHandler                          0x080002f5   Thumb Code     0  startup_stm32u575xx.o(.text)
    SDMMC1_IRQHandler                        0x080002f5   Thumb Code     0  startup_stm32u575xx.o(.text)
    SDMMC2_IRQHandler                        0x080002f5   Thumb Code     0  startup_stm32u575xx.o(.text)
    SPI1_IRQHandler                          0x080002f5   Thumb Code     0  startup_stm32u575xx.o(.text)
    SPI2_IRQHandler                          0x080002f5   Thumb Code     0  startup_stm32u575xx.o(.text)
    SPI3_IRQHandler                          0x080002f5   Thumb Code     0  startup_stm32u575xx.o(.text)
    TAMP_IRQHandler                          0x080002f5   Thumb Code     0  startup_stm32u575xx.o(.text)
    TIM15_IRQHandler                         0x080002f5   Thumb Code     0  startup_stm32u575xx.o(.text)
    TIM16_IRQHandler                         0x080002f5   Thumb Code     0  startup_stm32u575xx.o(.text)
    TIM17_IRQHandler                         0x080002f5   Thumb Code     0  startup_stm32u575xx.o(.text)
    TIM1_BRK_IRQHandler                      0x080002f5   Thumb Code     0  startup_stm32u575xx.o(.text)
    TIM1_CC_IRQHandler                       0x080002f5   Thumb Code     0  startup_stm32u575xx.o(.text)
    TIM1_TRG_COM_IRQHandler                  0x080002f5   Thumb Code     0  startup_stm32u575xx.o(.text)
    TIM1_UP_IRQHandler                       0x080002f5   Thumb Code     0  startup_stm32u575xx.o(.text)
    TIM2_IRQHandler                          0x080002f5   Thumb Code     0  startup_stm32u575xx.o(.text)
    TIM3_IRQHandler                          0x080002f5   Thumb Code     0  startup_stm32u575xx.o(.text)
    TIM4_IRQHandler                          0x080002f5   Thumb Code     0  startup_stm32u575xx.o(.text)
    TIM5_IRQHandler                          0x080002f5   Thumb Code     0  startup_stm32u575xx.o(.text)
    TIM7_IRQHandler                          0x080002f5   Thumb Code     0  startup_stm32u575xx.o(.text)
    TIM8_BRK_IRQHandler                      0x080002f5   Thumb Code     0  startup_stm32u575xx.o(.text)
    TIM8_CC_IRQHandler                       0x080002f5   Thumb Code     0  startup_stm32u575xx.o(.text)
    TIM8_TRG_COM_IRQHandler                  0x080002f5   Thumb Code     0  startup_stm32u575xx.o(.text)
    TIM8_UP_IRQHandler                       0x080002f5   Thumb Code     0  startup_stm32u575xx.o(.text)
    TSC_IRQHandler                           0x080002f5   Thumb Code     0  startup_stm32u575xx.o(.text)
    UART4_IRQHandler                         0x080002f5   Thumb Code     0  startup_stm32u575xx.o(.text)
    UART5_IRQHandler                         0x080002f5   Thumb Code     0  startup_stm32u575xx.o(.text)
    UCPD1_IRQHandler                         0x080002f5   Thumb Code     0  startup_stm32u575xx.o(.text)
    USART1_IRQHandler                        0x080002f5   Thumb Code     0  startup_stm32u575xx.o(.text)
    USART2_IRQHandler                        0x080002f5   Thumb Code     0  startup_stm32u575xx.o(.text)
    USART3_IRQHandler                        0x080002f5   Thumb Code     0  startup_stm32u575xx.o(.text)
    WWDG_IRQHandler                          0x080002f5   Thumb Code     0  startup_stm32u575xx.o(.text)
    __user_initial_stackheap                 0x080002f9   Thumb Code    10  startup_stm32u575xx.o(.text)
    __aeabi_uldivmod                         0x0800031d   Thumb Code     0  lludivv7m.o(.text)
    _ll_udiv                                 0x0800031d   Thumb Code   240  lludivv7m.o(.text)
    __aeabi_memset4                          0x0800040d   Thumb Code    16  aeabi_memset4.o(.text)
    __aeabi_memset8                          0x0800040d   Thumb Code     0  aeabi_memset4.o(.text)
    __aeabi_memclr                           0x0800041d   Thumb Code     0  rt_memclr.o(.text)
    __rt_memclr                              0x0800041d   Thumb Code     0  rt_memclr.o(.text)
    _memset                                  0x08000421   Thumb Code    64  rt_memclr.o(.text)
    __aeabi_memclr4                          0x08000461   Thumb Code     0  rt_memclr_w.o(.text)
    __aeabi_memclr8                          0x08000461   Thumb Code     0  rt_memclr_w.o(.text)
    __rt_memclr_w                            0x08000461   Thumb Code     0  rt_memclr_w.o(.text)
    _memset_w                                0x08000465   Thumb Code    74  rt_memclr_w.o(.text)
    __use_two_region_memory                  0x080004af   Thumb Code     2  heapauxi.o(.text)
    __rt_heap_escrow$2region                 0x080004b1   Thumb Code     2  heapauxi.o(.text)
    __rt_heap_expand$2region                 0x080004b3   Thumb Code     2  heapauxi.o(.text)
    __user_setup_stackheap                   0x080004b5   Thumb Code    74  sys_stackheap_outer.o(.text)
    exit                                     0x080004ff   Thumb Code    18  exit.o(.text)
    __user_libspace                          0x08000511   Thumb Code     8  libspace.o(.text)
    __user_perproc_libspace                  0x08000511   Thumb Code     0  libspace.o(.text)
    __user_perthread_libspace                0x08000511   Thumb Code     0  libspace.o(.text)
    _sys_exit                                0x08000519   Thumb Code     8  sys_exit.o(.text)
    __I$use$semihosting                      0x08000525   Thumb Code     0  use_no_semi.o(.text)
    __use_no_semihosting_swi                 0x08000525   Thumb Code     2  use_no_semi.o(.text)
    __semihosting_library_function           0x08000527   Thumb Code     0  indicate_semi.o(.text)
    BusFault_Handler                         0x08000529   Thumb Code     2  stm32u5xx_it.o(.text.BusFault_Handler)
    DebugMon_Handler                         0x0800052d   Thumb Code     2  stm32u5xx_it.o(.text.DebugMon_Handler)
    Error_Handler                            0x08000531   Thumb Code    10  main.o(.text.Error_Handler)
    HAL_ADC_Init                             0x0800053d   Thumb Code  1002  stm32u5xx_hal_adc.o(.text.HAL_ADC_Init)
    HAL_ADC_MspInit                          0x08000929   Thumb Code   140  stm32u5xx_hal_msp.o(.text.HAL_ADC_MspInit)
    HAL_Delay                                0x080009b5   Thumb Code    40  stm32u5xx_hal.o(.text.HAL_Delay)
    HAL_GPIO_Init                            0x080009dd   Thumb Code   594  stm32u5xx_hal_gpio.o(.text.HAL_GPIO_Init)
    HAL_GPIO_WritePin                        0x08000c31   Thumb Code    12  stm32u5xx_hal_gpio.o(.text.HAL_GPIO_WritePin)
    HAL_GetTick                              0x08000c3d   Thumb Code    12  stm32u5xx_hal.o(.text.HAL_GetTick)
    HAL_IncTick                              0x08000c49   Thumb Code    26  stm32u5xx_hal.o(.text.HAL_IncTick)
    HAL_Init                                 0x08000c65   Thumb Code    86  stm32u5xx_hal.o(.text.HAL_Init)
    HAL_InitTick                             0x08000cbd   Thumb Code   162  stm32u5xx_hal_timebase_tim.o(.text.HAL_InitTick)
    HAL_MspInit                              0x08000d61   Thumb Code    32  stm32u5xx_hal_msp.o(.text.HAL_MspInit)
    HAL_NVIC_EnableIRQ                       0x08000d81   Thumb Code    38  stm32u5xx_hal_cortex.o(.text.HAL_NVIC_EnableIRQ)
    HAL_NVIC_SetPriority                     0x08000da9   Thumb Code    86  stm32u5xx_hal_cortex.o(.text.HAL_NVIC_SetPriority)
    HAL_NVIC_SetPriorityGrouping             0x08000e01   Thumb Code    32  stm32u5xx_hal_cortex.o(.text.HAL_NVIC_SetPriorityGrouping)
    HAL_PCDEx_ActivateLPM                    0x08000e21   Thumb Code    38  stm32u5xx_hal_pcd_ex.o(.text.HAL_PCDEx_ActivateLPM)
    HAL_PCDEx_LPM_Callback                   0x08000e49   Thumb Code     2  stm32u5xx_hal_pcd_ex.o(.text.HAL_PCDEx_LPM_Callback)
    HAL_PCD_ConnectCallback                  0x08000e4d   Thumb Code     2  stm32u5xx_hal_pcd.o(.text.HAL_PCD_ConnectCallback)
    HAL_PCD_DataInStageCallback              0x08000e51   Thumb Code     2  stm32u5xx_hal_pcd.o(.text.HAL_PCD_DataInStageCallback)
    HAL_PCD_DataOutStageCallback             0x08000e55   Thumb Code     2  stm32u5xx_hal_pcd.o(.text.HAL_PCD_DataOutStageCallback)
    HAL_PCD_DisconnectCallback               0x08000e59   Thumb Code     2  stm32u5xx_hal_pcd.o(.text.HAL_PCD_DisconnectCallback)
    HAL_PCD_IRQHandler                       0x08000e5d   Thumb Code  2458  stm32u5xx_hal_pcd.o(.text.HAL_PCD_IRQHandler)
    HAL_PCD_ISOINIncompleteCallback          0x080017f9   Thumb Code     2  stm32u5xx_hal_pcd.o(.text.HAL_PCD_ISOINIncompleteCallback)
    HAL_PCD_ISOOUTIncompleteCallback         0x080017fd   Thumb Code     2  stm32u5xx_hal_pcd.o(.text.HAL_PCD_ISOOUTIncompleteCallback)
    HAL_PCD_Init                             0x08001801   Thumb Code   322  stm32u5xx_hal_pcd.o(.text.HAL_PCD_Init)
    HAL_PCD_MspInit                          0x08001945   Thumb Code   196  stm32u5xx_hal_msp.o(.text.HAL_PCD_MspInit)
    HAL_PCD_ResetCallback                    0x08001a09   Thumb Code     2  stm32u5xx_hal_pcd.o(.text.HAL_PCD_ResetCallback)
    HAL_PCD_ResumeCallback                   0x08001a0d   Thumb Code     2  stm32u5xx_hal_pcd.o(.text.HAL_PCD_ResumeCallback)
    HAL_PCD_SOFCallback                      0x08001a11   Thumb Code     2  stm32u5xx_hal_pcd.o(.text.HAL_PCD_SOFCallback)
    HAL_PCD_SetupStageCallback               0x08001a15   Thumb Code     2  stm32u5xx_hal_pcd.o(.text.HAL_PCD_SetupStageCallback)
    HAL_PCD_SuspendCallback                  0x08001a19   Thumb Code     2  stm32u5xx_hal_pcd.o(.text.HAL_PCD_SuspendCallback)
    HAL_PWREx_ConfigSupply                   0x08001a1d   Thumb Code   192  stm32u5xx_hal_pwr_ex.o(.text.HAL_PWREx_ConfigSupply)
    HAL_PWREx_ControlVoltageScaling          0x08001add   Thumb Code   250  stm32u5xx_hal_pwr_ex.o(.text.HAL_PWREx_ControlVoltageScaling)
    HAL_PWREx_EnableVddIO2                   0x08001bd9   Thumb Code    18  stm32u5xx_hal_pwr_ex.o(.text.HAL_PWREx_EnableVddIO2)
    HAL_PWREx_EnableVddUSB                   0x08001bed   Thumb Code    18  stm32u5xx_hal_pwr_ex.o(.text.HAL_PWREx_EnableVddUSB)
    HAL_PWREx_GetVoltageRange                0x08001c01   Thumb Code    16  stm32u5xx_hal_pwr_ex.o(.text.HAL_PWREx_GetVoltageRange)
    HAL_RCCEx_GetPLL1ClockFreq               0x08001c11   Thumb Code   408  stm32u5xx_hal_rcc_ex.o(.text.HAL_RCCEx_GetPLL1ClockFreq)
    HAL_RCCEx_GetPLL2ClockFreq               0x08001da9   Thumb Code   408  stm32u5xx_hal_rcc_ex.o(.text.HAL_RCCEx_GetPLL2ClockFreq)
    HAL_RCCEx_GetPLL3ClockFreq               0x08001f41   Thumb Code   408  stm32u5xx_hal_rcc_ex.o(.text.HAL_RCCEx_GetPLL3ClockFreq)
    HAL_RCCEx_GetPeriphCLKFreq               0x080020d9   Thumb Code  2698  stm32u5xx_hal_rcc_ex.o(.text.HAL_RCCEx_GetPeriphCLKFreq)
    HAL_RCCEx_PeriphCLKConfig                0x08002b65   Thumb Code  1622  stm32u5xx_hal_rcc_ex.o(.text.HAL_RCCEx_PeriphCLKConfig)
    HAL_RCC_ClockConfig                      0x080031bd   Thumb Code   766  stm32u5xx_hal_rcc.o(.text.HAL_RCC_ClockConfig)
    HAL_RCC_GetClockConfig                   0x080034bd   Thumb Code    76  stm32u5xx_hal_rcc.o(.text.HAL_RCC_GetClockConfig)
    HAL_RCC_GetHCLKFreq                      0x08003509   Thumb Code    44  stm32u5xx_hal_rcc.o(.text.HAL_RCC_GetHCLKFreq)
    HAL_RCC_GetPCLK1Freq                     0x08003535   Thumb Code    62  stm32u5xx_hal_rcc.o(.text.HAL_RCC_GetPCLK1Freq)
    HAL_RCC_GetPCLK2Freq                     0x08003575   Thumb Code    62  stm32u5xx_hal_rcc.o(.text.HAL_RCC_GetPCLK2Freq)
    HAL_RCC_GetPCLK3Freq                     0x080035b5   Thumb Code    62  stm32u5xx_hal_rcc.o(.text.HAL_RCC_GetPCLK3Freq)
    HAL_RCC_GetSysClockFreq                  0x080035f5   Thumb Code   264  stm32u5xx_hal_rcc.o(.text.HAL_RCC_GetSysClockFreq)
    HAL_RCC_OscConfig                        0x080036fd   Thumb Code  3006  stm32u5xx_hal_rcc.o(.text.HAL_RCC_OscConfig)
    HAL_TIMEx_Break2Callback                 0x080042bd   Thumb Code     2  stm32u5xx_hal_tim_ex.o(.text.HAL_TIMEx_Break2Callback)
    HAL_TIMEx_BreakCallback                  0x080042c1   Thumb Code     2  stm32u5xx_hal_tim_ex.o(.text.HAL_TIMEx_BreakCallback)
    HAL_TIMEx_CommutCallback                 0x080042c5   Thumb Code     2  stm32u5xx_hal_tim_ex.o(.text.HAL_TIMEx_CommutCallback)
    HAL_TIMEx_DirectionChangeCallback        0x080042c9   Thumb Code     2  stm32u5xx_hal_tim_ex.o(.text.HAL_TIMEx_DirectionChangeCallback)
    HAL_TIMEx_EncoderIndexCallback           0x080042cd   Thumb Code     2  stm32u5xx_hal_tim_ex.o(.text.HAL_TIMEx_EncoderIndexCallback)
    HAL_TIMEx_IndexErrorCallback             0x080042d1   Thumb Code     2  stm32u5xx_hal_tim_ex.o(.text.HAL_TIMEx_IndexErrorCallback)
    HAL_TIMEx_TransitionErrorCallback        0x080042d5   Thumb Code     2  stm32u5xx_hal_tim_ex.o(.text.HAL_TIMEx_TransitionErrorCallback)
    HAL_TIM_Base_Init                        0x080042d9   Thumb Code    98  stm32u5xx_hal_tim.o(.text.HAL_TIM_Base_Init)
    HAL_TIM_Base_MspInit                     0x0800433d   Thumb Code     2  stm32u5xx_hal_tim.o(.text.HAL_TIM_Base_MspInit)
    HAL_TIM_Base_Start_IT                    0x08004341   Thumb Code   268  stm32u5xx_hal_tim.o(.text.HAL_TIM_Base_Start_IT)
    HAL_TIM_IC_CaptureCallback               0x0800444d   Thumb Code     2  stm32u5xx_hal_tim.o(.text.HAL_TIM_IC_CaptureCallback)
    HAL_TIM_IRQHandler                       0x08004451   Thumb Code   528  stm32u5xx_hal_tim.o(.text.HAL_TIM_IRQHandler)
    HAL_TIM_OC_DelayElapsedCallback          0x08004661   Thumb Code     2  stm32u5xx_hal_tim.o(.text.HAL_TIM_OC_DelayElapsedCallback)
    HAL_TIM_PWM_PulseFinishedCallback        0x08004665   Thumb Code     2  stm32u5xx_hal_tim.o(.text.HAL_TIM_PWM_PulseFinishedCallback)
    HAL_TIM_PeriodElapsedCallback            0x08004669   Thumb Code    20  main.o(.text.HAL_TIM_PeriodElapsedCallback)
    HAL_TIM_TriggerCallback                  0x0800467d   Thumb Code     2  stm32u5xx_hal_tim.o(.text.HAL_TIM_TriggerCallback)
    HAL_UARTEx_DisableFifoMode               0x08004681   Thumb Code    54  stm32u5xx_hal_uart_ex.o(.text.HAL_UARTEx_DisableFifoMode)
    HAL_UARTEx_SetRxFifoThreshold            0x080046b9   Thumb Code   140  stm32u5xx_hal_uart_ex.o(.text.HAL_UARTEx_SetRxFifoThreshold)
    HAL_UARTEx_SetTxFifoThreshold            0x08004745   Thumb Code   140  stm32u5xx_hal_uart_ex.o(.text.HAL_UARTEx_SetTxFifoThreshold)
    HAL_UART_Init                            0x080047d1   Thumb Code   104  stm32u5xx_hal_uart.o(.text.HAL_UART_Init)
    HAL_UART_MspInit                         0x08004839   Thumb Code   138  stm32u5xx_hal_msp.o(.text.HAL_UART_MspInit)
    HardFault_Handler                        0x080048c5   Thumb Code     2  stm32u5xx_it.o(.text.HardFault_Handler)
    LL_GPIO_Init                             0x080048c9   Thumb Code   230  stm32u5xx_ll_gpio.o(.text.LL_GPIO_Init)
    MemManage_Handler                        0x080049b1   Thumb Code     2  stm32u5xx_it.o(.text.MemManage_Handler)
    NMI_Handler                              0x080049b5   Thumb Code     2  stm32u5xx_it.o(.text.NMI_Handler)
    OTG_FS_IRQHandler                        0x080049b9   Thumb Code    12  stm32u5xx_it.o(.text.OTG_FS_IRQHandler)
    PendSV_Handler                           0x080049d1   Thumb Code   100  portasm.o(.text.PendSV_Handler)
    SVC_Handler                              0x08004c31   Thumb Code    36  portasm.o(.text.SVC_Handler)
    SysTick_Handler                          0x08004c55   Thumb Code    38  port.o(.text.SysTick_Handler)
    SystemClock_Config                       0x08004c7d   Thumb Code   166  main.o(.text.SystemClock_Config)
    SystemInit                               0x08004d25   Thumb Code    76  system_stm32u5xx.o(.text.SystemInit)
    TIM6_IRQHandler                          0x08004d71   Thumb Code    12  stm32u5xx_it.o(.text.TIM6_IRQHandler)
    TIM_Base_SetConfig                       0x08004d7d   Thumb Code   634  stm32u5xx_hal_tim.o(.text.TIM_Base_SetConfig)
    UART_AdvFeatureConfig                    0x08004ff9   Thumb Code   232  stm32u5xx_hal_uart.o(.text.UART_AdvFeatureConfig)
    UART_CheckIdleState                      0x080050e1   Thumb Code   366  stm32u5xx_hal_uart.o(.text.UART_CheckIdleState)
    UART_SetConfig                           0x08005251   Thumb Code   522  stm32u5xx_hal_uart.o(.text.UART_SetConfig)
    UART_WaitOnFlagUntilTimeout              0x0800545d   Thumb Code   734  stm32u5xx_hal_uart.o(.text.UART_WaitOnFlagUntilTimeout)
    USB_ActivateSetup                        0x0800573d   Thumb Code    32  stm32u5xx_ll_usb.o(.text.USB_ActivateSetup)
    USB_CoreInit                             0x0800575d   Thumb Code   250  stm32u5xx_ll_usb.o(.text.USB_CoreInit)
    USB_DevDisconnect                        0x08005859   Thumb Code    30  stm32u5xx_ll_usb.o(.text.USB_DevDisconnect)
    USB_DevInit                              0x08005879   Thumb Code  1132  stm32u5xx_ll_usb.o(.text.USB_DevInit)
    USB_DisableGlobalInt                     0x08005ce5   Thumb Code    14  stm32u5xx_ll_usb.o(.text.USB_DisableGlobalInt)
    USB_EP0_OutStart                         0x08005cf5   Thumb Code    90  stm32u5xx_ll_usb.o(.text.USB_EP0_OutStart)
    USB_EPStopXfer                           0x08005d51   Thumb Code   270  stm32u5xx_ll_usb.o(.text.USB_EPStopXfer)
    USB_FlushTxFifo                          0x08005e61   Thumb Code   182  stm32u5xx_ll_usb.o(.text.USB_FlushTxFifo)
    USB_GetDevSpeed                          0x08005f19   Thumb Code    26  stm32u5xx_ll_usb.o(.text.USB_GetDevSpeed)
    USB_GetMode                              0x08005f35   Thumb Code     8  stm32u5xx_ll_usb.o(.text.USB_GetMode)
    USB_ReadDevAllInEpInterrupt              0x08005f3d   Thumb Code    14  stm32u5xx_ll_usb.o(.text.USB_ReadDevAllInEpInterrupt)
    USB_ReadDevAllOutEpInterrupt             0x08005f4d   Thumb Code    14  stm32u5xx_ll_usb.o(.text.USB_ReadDevAllOutEpInterrupt)
    USB_ReadDevInEPInterrupt                 0x08005f5d   Thumb Code    36  stm32u5xx_ll_usb.o(.text.USB_ReadDevInEPInterrupt)
    USB_ReadDevOutEPInterrupt                0x08005f81   Thumb Code    16  stm32u5xx_ll_usb.o(.text.USB_ReadDevOutEPInterrupt)
    USB_ReadInterrupts                       0x08005f91   Thumb Code     8  stm32u5xx_ll_usb.o(.text.USB_ReadInterrupts)
    USB_ReadPacket                           0x08005f99   Thumb Code   170  stm32u5xx_ll_usb.o(.text.USB_ReadPacket)
    USB_SetCurrentMode                       0x08006045   Thumb Code   100  stm32u5xx_ll_usb.o(.text.USB_SetCurrentMode)
    USB_SetTurnaroundTime                    0x080060a9   Thumb Code   288  stm32u5xx_ll_usb.o(.text.USB_SetTurnaroundTime)
    USB_WritePacket                          0x080061c9   Thumb Code   110  stm32u5xx_ll_usb.o(.text.USB_WritePacket)
    UsageFault_Handler                       0x08006239   Thumb Code     2  stm32u5xx_it.o(.text.UsageFault_Handler)
    main                                     0x0800623d   Thumb Code   704  main.o(.text.main)
    pvPortMalloc                             0x08006589   Thumb Code   438  heap_4.o(.text.pvPortMalloc)
    pxPortInitialiseStack                    0x08006741   Thumb Code   110  port.o(.text.pxPortInitialiseStack)
    toggleLed                                0x080067b1   Thumb Code    46  main.o(.text.toggleLed)
    ulSetInterruptMask                       0x080067e1   Thumb Code    22  portasm.o(.text.ulSetInterruptMask)
    uxListRemove                             0x080067f9   Thumb Code    36  list.o(.text.uxListRemove)
    vClearInterruptMask                      0x0800681d   Thumb Code    14  portasm.o(.text.vClearInterruptMask)
    vListInitialise                          0x0800682d   Thumb Code    22  list.o(.text.vListInitialise)
    vListInitialiseItem                      0x08006845   Thumb Code     6  list.o(.text.vListInitialiseItem)
    vPortEnterCritical                       0x0800684d   Thumb Code    30  port.o(.text.vPortEnterCritical)
    vPortExitCritical                        0x0800686d   Thumb Code    46  port.o(.text.vPortExitCritical)
    vPortFree                                0x0800689d   Thumb Code   192  heap_4.o(.text.vPortFree)
    vPortSVCHandler_C                        0x0800695d   Thumb Code    54  port.o(.text.vPortSVCHandler_C)
    vPortSetupTimerInterrupt                 0x08006995   Thumb Code    52  port.o(.text.vPortSetupTimerInterrupt)
    vPortYield                               0x080069c9   Thumb Code    24  port.o(.text.vPortYield)
    vRestoreContextOfFirstTask               0x080069e1   Thumb Code    52  portasm.o(.text.vRestoreContextOfFirstTask)
    vStartFirstTask                          0x08006a21   Thumb Code    36  portasm.o(.text.vStartFirstTask)
    vTaskStartScheduler                      0x08006a45   Thumb Code    92  tasks.o(.text.vTaskStartScheduler)
    vTaskSuspendAll                          0x08006aa9   Thumb Code    16  tasks.o(.text.vTaskSuspendAll)
    vTaskSwitchContext                       0x08006ab9   Thumb Code   168  tasks.o(.text.vTaskSwitchContext)
    xPortStartScheduler                      0x08006b61   Thumb Code    92  port.o(.text.xPortStartScheduler)
    xTaskCreate                              0x08006bbd   Thumb Code   516  tasks.o(.text.xTaskCreate)
    xTaskIncrementTick                       0x08006dc1   Thumb Code   370  tasks.o(.text.xTaskIncrementTick)
    xTaskResumeAll                           0x08006f35   Thumb Code   292  tasks.o(.text.xTaskResumeAll)
    _fp_init                                 0x08007059   Thumb Code    26  fpinit.o(x$fpl$fpinit)
    __fplib_config_fpu_vfp                   0x08007071   Thumb Code     0  fpinit.o(x$fpl$fpinit)
    __fplib_config_pureend_doubles           0x08007071   Thumb Code     0  fpinit.o(x$fpl$fpinit)
    AHBPrescTable                            0x08007072   Data          16  system_stm32u5xx.o(.rodata.AHBPrescTable)
    APBPrescTable                            0x08007082   Data           8  system_stm32u5xx.o(.rodata.APBPrescTable)
    MSIRangeTable                            0x0800710c   Data          64  system_stm32u5xx.o(.rodata.MSIRangeTable)
    UARTPrescTable                           0x0800714c   Data          24  stm32u5xx_hal_uart.o(.rodata.UARTPrescTable)
    uxTopUsedPriority                        0x08007174   Data           4  tasks.o(.rodata.uxTopUsedPriority)
    Region$$Table$$Base                      0x08007178   Number         0  anon$$obj.o(Region$$Table)
    Region$$Table$$Limit                     0x08007198   Number         0  anon$$obj.o(Region$$Table)
    uwTickFreq                               0x20000000   Data           1  stm32u5xx_hal.o(.data..L_MergedGlobals)
    uwTickPrio                               0x20000004   Data           4  stm32u5xx_hal.o(.data..L_MergedGlobals)
    SystemCoreClock                          0x20000008   Data           4  system_stm32u5xx.o(.data.SystemCoreClock)
    __libspace_start                         0x20000010   Data          96  libspace.o(.bss)
    __temporary_stack_top$libspace           0x20000070   Data           0  libspace.o(.bss)
    hadc1                                    0x20000128   Data         140  main.o(.bss.hadc1)
    hpcd_USB_OTG_FS                          0x200001b4   Data        1292  main.o(.bss.hpcd_USB_OTG_FS)
    htim6                                    0x200006c0   Data          76  stm32u5xx_hal_timebase_tim.o(.bss.htim6)
    huart1                                   0x2000070c   Data         148  main.o(.bss.huart1)
    pxCurrentTCB                             0x200007a0   Data           4  tasks.o(.bss.pxCurrentTCB)
    uwTick                                   0x20013408   Data           4  stm32u5xx_hal.o(.bss.uwTick)



==============================================================================

Memory Map of the image

  Image Entry point : 0x08000239

  Load Region LR_IROM1 (Base: 0x08000000, Size: 0x000071a8, Max: 0x00200000, ABSOLUTE)

    Execution Region ER_IROM1 (Exec base: 0x08000000, Load base: 0x08000000, Size: 0x00007198, Max: 0x00200000, ABSOLUTE)

    Exec Addr    Load Addr    Size         Type   Attr      Idx    E Section Name        Object

    0x08000000   0x08000000   0x00000238   Data   RO            3    RESET               startup_stm32u575xx.o
    0x08000238   0x08000238   0x00000008   Code   RO         2178  * !!!main             c_w.l(__main.o)
    0x08000240   0x08000240   0x00000034   Code   RO         2355    !!!scatter          c_w.l(__scatter.o)
    0x08000274   0x08000274   0x0000001a   Code   RO         2357    !!handler_copy      c_w.l(__scatter_copy.o)
    0x0800028e   0x0800028e   0x00000002   PAD
    0x08000290   0x08000290   0x0000001c   Code   RO         2359    !!handler_zi        c_w.l(__scatter_zi.o)
    0x080002ac   0x080002ac   0x00000002   Code   RO         2217    .ARM.Collect$$libinit$$00000000  c_w.l(libinit.o)
    0x080002ae   0x080002ae   0x00000004   Code   RO         2229    .ARM.Collect$$libinit$$00000001  c_w.l(libinit2.o)
    0x080002b2   0x080002b2   0x00000000   Code   RO         2232    .ARM.Collect$$libinit$$00000004  c_w.l(libinit2.o)
    0x080002b2   0x080002b2   0x00000000   Code   RO         2234    .ARM.Collect$$libinit$$00000006  c_w.l(libinit2.o)
    0x080002b2   0x080002b2   0x00000000   Code   RO         2237    .ARM.Collect$$libinit$$0000000C  c_w.l(libinit2.o)
    0x080002b2   0x080002b2   0x00000000   Code   RO         2239    .ARM.Collect$$libinit$$0000000E  c_w.l(libinit2.o)
    0x080002b2   0x080002b2   0x00000000   Code   RO         2241    .ARM.Collect$$libinit$$00000010  c_w.l(libinit2.o)
    0x080002b2   0x080002b2   0x00000000   Code   RO         2244    .ARM.Collect$$libinit$$00000013  c_w.l(libinit2.o)
    0x080002b2   0x080002b2   0x00000000   Code   RO         2246    .ARM.Collect$$libinit$$00000015  c_w.l(libinit2.o)
    0x080002b2   0x080002b2   0x00000000   Code   RO         2248    .ARM.Collect$$libinit$$00000017  c_w.l(libinit2.o)
    0x080002b2   0x080002b2   0x00000000   Code   RO         2250    .ARM.Collect$$libinit$$00000019  c_w.l(libinit2.o)
    0x080002b2   0x080002b2   0x00000000   Code   RO         2252    .ARM.Collect$$libinit$$0000001B  c_w.l(libinit2.o)
    0x080002b2   0x080002b2   0x00000000   Code   RO         2254    .ARM.Collect$$libinit$$0000001D  c_w.l(libinit2.o)
    0x080002b2   0x080002b2   0x00000000   Code   RO         2256    .ARM.Collect$$libinit$$0000001F  c_w.l(libinit2.o)
    0x080002b2   0x080002b2   0x00000000   Code   RO         2258    .ARM.Collect$$libinit$$00000021  c_w.l(libinit2.o)
    0x080002b2   0x080002b2   0x00000000   Code   RO         2260    .ARM.Collect$$libinit$$00000023  c_w.l(libinit2.o)
    0x080002b2   0x080002b2   0x00000000   Code   RO         2262    .ARM.Collect$$libinit$$00000025  c_w.l(libinit2.o)
    0x080002b2   0x080002b2   0x00000000   Code   RO         2264    .ARM.Collect$$libinit$$00000027  c_w.l(libinit2.o)
    0x080002b2   0x080002b2   0x00000000   Code   RO         2268    .ARM.Collect$$libinit$$0000002E  c_w.l(libinit2.o)
    0x080002b2   0x080002b2   0x00000000   Code   RO         2270    .ARM.Collect$$libinit$$00000030  c_w.l(libinit2.o)
    0x080002b2   0x080002b2   0x00000000   Code   RO         2272    .ARM.Collect$$libinit$$00000032  c_w.l(libinit2.o)
    0x080002b2   0x080002b2   0x00000000   Code   RO         2274    .ARM.Collect$$libinit$$00000034  c_w.l(libinit2.o)
    0x080002b2   0x080002b2   0x00000002   Code   RO         2275    .ARM.Collect$$libinit$$00000035  c_w.l(libinit2.o)
    0x080002b4   0x080002b4   0x00000002   Code   RO         2310    .ARM.Collect$$libshutdown$$00000000  c_w.l(libshutdown.o)
    0x080002b6   0x080002b6   0x00000000   Code   RO         2338    .ARM.Collect$$libshutdown$$00000002  c_w.l(libshutdown2.o)
    0x080002b6   0x080002b6   0x00000000   Code   RO         2340    .ARM.Collect$$libshutdown$$00000004  c_w.l(libshutdown2.o)
    0x080002b6   0x080002b6   0x00000000   Code   RO         2343    .ARM.Collect$$libshutdown$$00000007  c_w.l(libshutdown2.o)
    0x080002b6   0x080002b6   0x00000000   Code   RO         2346    .ARM.Collect$$libshutdown$$0000000A  c_w.l(libshutdown2.o)
    0x080002b6   0x080002b6   0x00000000   Code   RO         2348    .ARM.Collect$$libshutdown$$0000000C  c_w.l(libshutdown2.o)
    0x080002b6   0x080002b6   0x00000000   Code   RO         2351    .ARM.Collect$$libshutdown$$0000000F  c_w.l(libshutdown2.o)
    0x080002b6   0x080002b6   0x00000002   Code   RO         2352    .ARM.Collect$$libshutdown$$00000010  c_w.l(libshutdown2.o)
    0x080002b8   0x080002b8   0x00000000   Code   RO         2180    .ARM.Collect$$rtentry$$00000000  c_w.l(__rtentry.o)
    0x080002b8   0x080002b8   0x00000000   Code   RO         2188    .ARM.Collect$$rtentry$$00000002  c_w.l(__rtentry2.o)
    0x080002b8   0x080002b8   0x00000006   Code   RO         2200    .ARM.Collect$$rtentry$$00000004  c_w.l(__rtentry4.o)
    0x080002be   0x080002be   0x00000000   Code   RO         2190    .ARM.Collect$$rtentry$$00000009  c_w.l(__rtentry2.o)
    0x080002be   0x080002be   0x00000004   Code   RO         2191    .ARM.Collect$$rtentry$$0000000A  c_w.l(__rtentry2.o)
    0x080002c2   0x080002c2   0x00000000   Code   RO         2193    .ARM.Collect$$rtentry$$0000000C  c_w.l(__rtentry2.o)
    0x080002c2   0x080002c2   0x00000008   Code   RO         2194    .ARM.Collect$$rtentry$$0000000D  c_w.l(__rtentry2.o)
    0x080002ca   0x080002ca   0x00000002   Code   RO         2221    .ARM.Collect$$rtexit$$00000000  c_w.l(rtexit.o)
    0x080002cc   0x080002cc   0x00000000   Code   RO         2281    .ARM.Collect$$rtexit$$00000002  c_w.l(rtexit2.o)
    0x080002cc   0x080002cc   0x00000004   Code   RO         2282    .ARM.Collect$$rtexit$$00000003  c_w.l(rtexit2.o)
    0x080002d0   0x080002d0   0x00000006   Code   RO         2283    .ARM.Collect$$rtexit$$00000004  c_w.l(rtexit2.o)
    0x080002d6   0x080002d6   0x00000002   PAD
    0x080002d8   0x080002d8   0x00000044   Code   RO            4    .text               startup_stm32u575xx.o
    0x0800031c   0x0800031c   0x000000f0   Code   RO         2164    .text               c_w.l(lludivv7m.o)
    0x0800040c   0x0800040c   0x00000010   Code   RO         2170    .text               c_w.l(aeabi_memset4.o)
    0x0800041c   0x0800041c   0x00000044   Code   RO         2172    .text               c_w.l(rt_memclr.o)
    0x08000460   0x08000460   0x0000004e   Code   RO         2174    .text               c_w.l(rt_memclr_w.o)
    0x080004ae   0x080004ae   0x00000006   Code   RO         2176    .text               c_w.l(heapauxi.o)
    0x080004b4   0x080004b4   0x0000004a   Code   RO         2204    .text               c_w.l(sys_stackheap_outer.o)
    0x080004fe   0x080004fe   0x00000012   Code   RO         2206    .text               c_w.l(exit.o)
    0x08000510   0x08000510   0x00000008   Code   RO         2218    .text               c_w.l(libspace.o)
    0x08000518   0x08000518   0x0000000c   Code   RO         2276    .text               c_w.l(sys_exit.o)
    0x08000524   0x08000524   0x00000002   Code   RO         2299    .text               c_w.l(use_no_semi.o)
    0x08000526   0x08000526   0x00000000   Code   RO         2301    .text               c_w.l(indicate_semi.o)
    0x08000526   0x08000526   0x00000002   PAD
    0x08000528   0x08000528   0x00000002   Code   RO           39    .text.BusFault_Handler  stm32u5xx_it.o
    0x0800052a   0x0800052a   0x00000002   PAD
    0x0800052c   0x0800052c   0x00000002   Code   RO           43    .text.DebugMon_Handler  stm32u5xx_it.o
    0x0800052e   0x0800052e   0x00000002   PAD
    0x08000530   0x08000530   0x0000000a   Code   RO           17    .text.Error_Handler  main.o
    0x0800053a   0x0800053a   0x00000002   PAD
    0x0800053c   0x0800053c   0x000003ea   Code   RO          131    .text.HAL_ADC_Init  stm32u5xx_hal_adc.o
    0x08000926   0x08000926   0x00000002   PAD
    0x08000928   0x08000928   0x0000008c   Code   RO           58    .text.HAL_ADC_MspInit  stm32u5xx_hal_msp.o
    0x080009b4   0x080009b4   0x00000028   Code   RO          392    .text.HAL_Delay     stm32u5xx_hal.o
    0x080009dc   0x080009dc   0x00000252   Code   RO          703    .text.HAL_GPIO_Init  stm32u5xx_hal_gpio.o
    0x08000c2e   0x08000c2e   0x00000002   PAD
    0x08000c30   0x08000c30   0x0000000c   Code   RO          709    .text.HAL_GPIO_WritePin  stm32u5xx_hal_gpio.o
    0x08000c3c   0x08000c3c   0x0000000c   Code   RO          384    .text.HAL_GetTick   stm32u5xx_hal.o
    0x08000c48   0x08000c48   0x0000001a   Code   RO          382    .text.HAL_IncTick   stm32u5xx_hal.o
    0x08000c62   0x08000c62   0x00000002   PAD
    0x08000c64   0x08000c64   0x00000056   Code   RO          372    .text.HAL_Init      stm32u5xx_hal.o
    0x08000cba   0x08000cba   0x00000002   PAD
    0x08000cbc   0x08000cbc   0x000000a2   Code   RO           78    .text.HAL_InitTick  stm32u5xx_hal_timebase_tim.o
    0x08000d5e   0x08000d5e   0x00000002   PAD
    0x08000d60   0x08000d60   0x00000020   Code   RO           56    .text.HAL_MspInit   stm32u5xx_hal_msp.o
    0x08000d80   0x08000d80   0x00000026   Code   RO          592    .text.HAL_NVIC_EnableIRQ  stm32u5xx_hal_cortex.o
    0x08000da6   0x08000da6   0x00000002   PAD
    0x08000da8   0x08000da8   0x00000056   Code   RO          590    .text.HAL_NVIC_SetPriority  stm32u5xx_hal_cortex.o
    0x08000dfe   0x08000dfe   0x00000002   PAD
    0x08000e00   0x08000e00   0x00000020   Code   RO          588    .text.HAL_NVIC_SetPriorityGrouping  stm32u5xx_hal_cortex.o
    0x08000e20   0x08000e20   0x00000026   Code   RO         1669    .text.HAL_PCDEx_ActivateLPM  stm32u5xx_hal_pcd_ex.o
    0x08000e46   0x08000e46   0x00000002   PAD
    0x08000e48   0x08000e48   0x00000002   Code   RO         1681    .text.HAL_PCDEx_LPM_Callback  stm32u5xx_hal_pcd_ex.o
    0x08000e4a   0x08000e4a   0x00000002   PAD
    0x08000e4c   0x08000e4c   0x00000002   Code   RO         1619    .text.HAL_PCD_ConnectCallback  stm32u5xx_hal_pcd.o
    0x08000e4e   0x08000e4e   0x00000002   PAD
    0x08000e50   0x08000e50   0x00000002   Code   RO         1605    .text.HAL_PCD_DataInStageCallback  stm32u5xx_hal_pcd.o
    0x08000e52   0x08000e52   0x00000002   PAD
    0x08000e54   0x08000e54   0x00000002   Code   RO         1623    .text.HAL_PCD_DataOutStageCallback  stm32u5xx_hal_pcd.o
    0x08000e56   0x08000e56   0x00000002   PAD
    0x08000e58   0x08000e58   0x00000002   Code   RO         1621    .text.HAL_PCD_DisconnectCallback  stm32u5xx_hal_pcd.o
    0x08000e5a   0x08000e5a   0x00000002   PAD
    0x08000e5c   0x08000e5c   0x0000099a   Code   RO         1601    .text.HAL_PCD_IRQHandler  stm32u5xx_hal_pcd.o
    0x080017f6   0x080017f6   0x00000002   PAD
    0x080017f8   0x080017f8   0x00000002   Code   RO         1607    .text.HAL_PCD_ISOINIncompleteCallback  stm32u5xx_hal_pcd.o
    0x080017fa   0x080017fa   0x00000002   PAD
    0x080017fc   0x080017fc   0x00000002   Code   RO         1603    .text.HAL_PCD_ISOOUTIncompleteCallback  stm32u5xx_hal_pcd.o
    0x080017fe   0x080017fe   0x00000002   PAD
    0x08001800   0x08001800   0x00000142   Code   RO         1589    .text.HAL_PCD_Init  stm32u5xx_hal_pcd.o
    0x08001942   0x08001942   0x00000002   PAD
    0x08001944   0x08001944   0x000000c4   Code   RO           66    .text.HAL_PCD_MspInit  stm32u5xx_hal_msp.o
    0x08001a08   0x08001a08   0x00000002   Code   RO         1613    .text.HAL_PCD_ResetCallback  stm32u5xx_hal_pcd.o
    0x08001a0a   0x08001a0a   0x00000002   PAD
    0x08001a0c   0x08001a0c   0x00000002   Code   RO         1609    .text.HAL_PCD_ResumeCallback  stm32u5xx_hal_pcd.o
    0x08001a0e   0x08001a0e   0x00000002   PAD
    0x08001a10   0x08001a10   0x00000002   Code   RO         1615    .text.HAL_PCD_SOFCallback  stm32u5xx_hal_pcd.o
    0x08001a12   0x08001a12   0x00000002   PAD
    0x08001a14   0x08001a14   0x00000002   Code   RO         1625    .text.HAL_PCD_SetupStageCallback  stm32u5xx_hal_pcd.o
    0x08001a16   0x08001a16   0x00000002   PAD
    0x08001a18   0x08001a18   0x00000002   Code   RO         1611    .text.HAL_PCD_SuspendCallback  stm32u5xx_hal_pcd.o
    0x08001a1a   0x08001a1a   0x00000002   PAD
    0x08001a1c   0x08001a1c   0x000000c0   Code   RO          816    .text.HAL_PWREx_ConfigSupply  stm32u5xx_hal_pwr_ex.o
    0x08001adc   0x08001adc   0x000000fa   Code   RO          812    .text.HAL_PWREx_ControlVoltageScaling  stm32u5xx_hal_pwr_ex.o
    0x08001bd6   0x08001bd6   0x00000002   PAD
    0x08001bd8   0x08001bd8   0x00000012   Code   RO          848    .text.HAL_PWREx_EnableVddIO2  stm32u5xx_hal_pwr_ex.o
    0x08001bea   0x08001bea   0x00000002   PAD
    0x08001bec   0x08001bec   0x00000012   Code   RO          844    .text.HAL_PWREx_EnableVddUSB  stm32u5xx_hal_pwr_ex.o
    0x08001bfe   0x08001bfe   0x00000002   PAD
    0x08001c00   0x08001c00   0x00000010   Code   RO          814    .text.HAL_PWREx_GetVoltageRange  stm32u5xx_hal_pwr_ex.o
    0x08001c10   0x08001c10   0x00000198   Code   RO          506    .text.HAL_RCCEx_GetPLL1ClockFreq  stm32u5xx_hal_rcc_ex.o
    0x08001da8   0x08001da8   0x00000198   Code   RO          508    .text.HAL_RCCEx_GetPLL2ClockFreq  stm32u5xx_hal_rcc_ex.o
    0x08001f40   0x08001f40   0x00000198   Code   RO          510    .text.HAL_RCCEx_GetPLL3ClockFreq  stm32u5xx_hal_rcc_ex.o
    0x080020d8   0x080020d8   0x00000a8a   Code   RO          512    .text.HAL_RCCEx_GetPeriphCLKFreq  stm32u5xx_hal_rcc_ex.o
    0x08002b62   0x08002b62   0x00000002   PAD
    0x08002b64   0x08002b64   0x00000656   Code   RO          498    .text.HAL_RCCEx_PeriphCLKConfig  stm32u5xx_hal_rcc_ex.o
    0x080031ba   0x080031ba   0x00000002   PAD
    0x080031bc   0x080031bc   0x000002fe   Code   RO          462    .text.HAL_RCC_ClockConfig  stm32u5xx_hal_rcc.o
    0x080034ba   0x080034ba   0x00000002   PAD
    0x080034bc   0x080034bc   0x0000004c   Code   RO          476    .text.HAL_RCC_GetClockConfig  stm32u5xx_hal_rcc.o
    0x08003508   0x08003508   0x0000002c   Code   RO          460    .text.HAL_RCC_GetHCLKFreq  stm32u5xx_hal_rcc.o
    0x08003534   0x08003534   0x0000003e   Code   RO          468    .text.HAL_RCC_GetPCLK1Freq  stm32u5xx_hal_rcc.o
    0x08003572   0x08003572   0x00000002   PAD
    0x08003574   0x08003574   0x0000003e   Code   RO          470    .text.HAL_RCC_GetPCLK2Freq  stm32u5xx_hal_rcc.o
    0x080035b2   0x080035b2   0x00000002   PAD
    0x080035b4   0x080035b4   0x0000003e   Code   RO          472    .text.HAL_RCC_GetPCLK3Freq  stm32u5xx_hal_rcc.o
    0x080035f2   0x080035f2   0x00000002   PAD
    0x080035f4   0x080035f4   0x00000108   Code   RO          464    .text.HAL_RCC_GetSysClockFreq  stm32u5xx_hal_rcc.o
    0x080036fc   0x080036fc   0x00000bbe   Code   RO          458    .text.HAL_RCC_OscConfig  stm32u5xx_hal_rcc.o
    0x080042ba   0x080042ba   0x00000002   PAD
    0x080042bc   0x080042bc   0x00000002   Code   RO         1303    .text.HAL_TIMEx_Break2Callback  stm32u5xx_hal_tim_ex.o
    0x080042be   0x080042be   0x00000002   PAD
    0x080042c0   0x080042c0   0x00000002   Code   RO         1301    .text.HAL_TIMEx_BreakCallback  stm32u5xx_hal_tim_ex.o
    0x080042c2   0x080042c2   0x00000002   PAD
    0x080042c4   0x080042c4   0x00000002   Code   RO         1297    .text.HAL_TIMEx_CommutCallback  stm32u5xx_hal_tim_ex.o
    0x080042c6   0x080042c6   0x00000002   PAD
    0x080042c8   0x080042c8   0x00000002   Code   RO         1307    .text.HAL_TIMEx_DirectionChangeCallback  stm32u5xx_hal_tim_ex.o
    0x080042ca   0x080042ca   0x00000002   PAD
    0x080042cc   0x080042cc   0x00000002   Code   RO         1305    .text.HAL_TIMEx_EncoderIndexCallback  stm32u5xx_hal_tim_ex.o
    0x080042ce   0x080042ce   0x00000002   PAD
    0x080042d0   0x080042d0   0x00000002   Code   RO         1309    .text.HAL_TIMEx_IndexErrorCallback  stm32u5xx_hal_tim_ex.o
    0x080042d2   0x080042d2   0x00000002   PAD
    0x080042d4   0x080042d4   0x00000002   Code   RO         1311    .text.HAL_TIMEx_TransitionErrorCallback  stm32u5xx_hal_tim_ex.o
    0x080042d6   0x080042d6   0x00000002   PAD
    0x080042d8   0x080042d8   0x00000062   Code   RO          944    .text.HAL_TIM_Base_Init  stm32u5xx_hal_tim.o
    0x0800433a   0x0800433a   0x00000002   PAD
    0x0800433c   0x0800433c   0x00000002   Code   RO          946    .text.HAL_TIM_Base_MspInit  stm32u5xx_hal_tim.o
    0x0800433e   0x0800433e   0x00000002   PAD
    0x08004340   0x08004340   0x0000010c   Code   RO          958    .text.HAL_TIM_Base_Start_IT  stm32u5xx_hal_tim.o
    0x0800444c   0x0800444c   0x00000002   Code   RO         1082    .text.HAL_TIM_IC_CaptureCallback  stm32u5xx_hal_tim.o
    0x0800444e   0x0800444e   0x00000002   PAD
    0x08004450   0x08004450   0x00000210   Code   RO         1080    .text.HAL_TIM_IRQHandler  stm32u5xx_hal_tim.o
    0x08004660   0x08004660   0x00000002   Code   RO         1084    .text.HAL_TIM_OC_DelayElapsedCallback  stm32u5xx_hal_tim.o
    0x08004662   0x08004662   0x00000002   PAD
    0x08004664   0x08004664   0x00000002   Code   RO         1086    .text.HAL_TIM_PWM_PulseFinishedCallback  stm32u5xx_hal_tim.o
    0x08004666   0x08004666   0x00000002   PAD
    0x08004668   0x08004668   0x00000014   Code   RO           19    .text.HAL_TIM_PeriodElapsedCallback  main.o
    0x0800467c   0x0800467c   0x00000002   Code   RO         1090    .text.HAL_TIM_TriggerCallback  stm32u5xx_hal_tim.o
    0x0800467e   0x0800467e   0x00000002   PAD
    0x08004680   0x08004680   0x00000036   Code   RO         1560    .text.HAL_UARTEx_DisableFifoMode  stm32u5xx_hal_uart_ex.o
    0x080046b6   0x080046b6   0x00000002   PAD
    0x080046b8   0x080046b8   0x0000008c   Code   RO         1564    .text.HAL_UARTEx_SetRxFifoThreshold  stm32u5xx_hal_uart_ex.o
    0x08004744   0x08004744   0x0000008c   Code   RO         1562    .text.HAL_UARTEx_SetTxFifoThreshold  stm32u5xx_hal_uart_ex.o
    0x080047d0   0x080047d0   0x00000068   Code   RO         1401    .text.HAL_UART_Init  stm32u5xx_hal_uart.o
    0x08004838   0x08004838   0x0000008a   Code   RO           62    .text.HAL_UART_MspInit  stm32u5xx_hal_msp.o
    0x080048c2   0x080048c2   0x00000002   PAD
    0x080048c4   0x080048c4   0x00000002   Code   RO           35    .text.HardFault_Handler  stm32u5xx_it.o
    0x080048c6   0x080048c6   0x00000002   PAD
    0x080048c8   0x080048c8   0x000000e6   Code   RO         1346    .text.LL_GPIO_Init  stm32u5xx_ll_gpio.o
    0x080049ae   0x080049ae   0x00000002   PAD
    0x080049b0   0x080049b0   0x00000002   Code   RO           37    .text.MemManage_Handler  stm32u5xx_it.o
    0x080049b2   0x080049b2   0x00000002   PAD
    0x080049b4   0x080049b4   0x00000002   Code   RO           33    .text.NMI_Handler   stm32u5xx_it.o
    0x080049b6   0x080049b6   0x00000002   PAD
    0x080049b8   0x080049b8   0x0000000c   Code   RO           47    .text.OTG_FS_IRQHandler  stm32u5xx_it.o
    0x080049c4   0x080049c4   0x0000000c   PAD
    0x080049d0   0x080049d0   0x00000064   Code   RO         2152    .text.PendSV_Handler  portasm.o
    0x08004a34   0x08004a34   0x000000f8   Code   RO          500    .text.RCCEx_PLL2_Config  stm32u5xx_hal_rcc_ex.o
    0x08004b2c   0x08004b2c   0x000000f8   Code   RO          502    .text.RCCEx_PLL3_Config  stm32u5xx_hal_rcc_ex.o
    0x08004c24   0x08004c24   0x0000000c   PAD
    0x08004c30   0x08004c30   0x00000024   Code   RO         2154    .text.SVC_Handler   portasm.o
    0x08004c54   0x08004c54   0x00000026   Code   RO         2115    .text.SysTick_Handler  port.o
    0x08004c7a   0x08004c7a   0x00000002   PAD
    0x08004c7c   0x08004c7c   0x000000a6   Code   RO           15    .text.SystemClock_Config  main.o
    0x08004d22   0x08004d22   0x00000002   PAD
    0x08004d24   0x08004d24   0x0000004c   Code   RO         1795    .text.SystemInit    system_stm32u5xx.o
    0x08004d70   0x08004d70   0x0000000c   Code   RO           45    .text.TIM6_IRQHandler  stm32u5xx_it.o
    0x08004d7c   0x08004d7c   0x0000027a   Code   RO          948    .text.TIM_Base_SetConfig  stm32u5xx_hal_tim.o
    0x08004ff6   0x08004ff6   0x00000002   PAD
    0x08004ff8   0x08004ff8   0x000000e8   Code   RO         1407    .text.UART_AdvFeatureConfig  stm32u5xx_hal_uart.o
    0x080050e0   0x080050e0   0x0000016e   Code   RO         1409    .text.UART_CheckIdleState  stm32u5xx_hal_uart.o
    0x0800524e   0x0800524e   0x00000002   PAD
    0x08005250   0x08005250   0x0000020a   Code   RO         1405    .text.UART_SetConfig  stm32u5xx_hal_uart.o
    0x0800545a   0x0800545a   0x00000002   PAD
    0x0800545c   0x0800545c   0x000002de   Code   RO         1423    .text.UART_WaitOnFlagUntilTimeout  stm32u5xx_hal_uart.o
    0x0800573a   0x0800573a   0x00000002   PAD
    0x0800573c   0x0800573c   0x00000020   Code   RO         1755    .text.USB_ActivateSetup  stm32u5xx_ll_usb.o
    0x0800575c   0x0800575c   0x000000fa   Code   RO         1691    .text.USB_CoreInit  stm32u5xx_ll_usb.o
    0x08005856   0x08005856   0x00000002   PAD
    0x08005858   0x08005858   0x0000001e   Code   RO         1739    .text.USB_DevDisconnect  stm32u5xx_ll_usb.o
    0x08005876   0x08005876   0x00000002   PAD
    0x08005878   0x08005878   0x0000046c   Code   RO         1703    .text.USB_DevInit   stm32u5xx_ll_usb.o
    0x08005ce4   0x08005ce4   0x0000000e   Code   RO         1697    .text.USB_DisableGlobalInt  stm32u5xx_ll_usb.o
    0x08005cf2   0x08005cf2   0x00000002   PAD
    0x08005cf4   0x08005cf4   0x0000005a   Code   RO         1757    .text.USB_EP0_OutStart  stm32u5xx_ll_usb.o
    0x08005d4e   0x08005d4e   0x00000002   PAD
    0x08005d50   0x08005d50   0x0000010e   Code   RO         1725    .text.USB_EPStopXfer  stm32u5xx_ll_usb.o
    0x08005e5e   0x08005e5e   0x00000002   PAD
    0x08005e60   0x08005e60   0x000000b6   Code   RO         1707    .text.USB_FlushTxFifo  stm32u5xx_ll_usb.o
    0x08005f16   0x08005f16   0x00000002   PAD
    0x08005f18   0x08005f18   0x0000001a   Code   RO         1711    .text.USB_GetDevSpeed  stm32u5xx_ll_usb.o
    0x08005f32   0x08005f32   0x00000002   PAD
    0x08005f34   0x08005f34   0x00000008   Code   RO         1701    .text.USB_GetMode   stm32u5xx_ll_usb.o
    0x08005f3c   0x08005f3c   0x0000000e   Code   RO         1747    .text.USB_ReadDevAllInEpInterrupt  stm32u5xx_ll_usb.o
    0x08005f4a   0x08005f4a   0x00000002   PAD
    0x08005f4c   0x08005f4c   0x0000000e   Code   RO         1745    .text.USB_ReadDevAllOutEpInterrupt  stm32u5xx_ll_usb.o
    0x08005f5a   0x08005f5a   0x00000002   PAD
    0x08005f5c   0x08005f5c   0x00000024   Code   RO         1751    .text.USB_ReadDevInEPInterrupt  stm32u5xx_ll_usb.o
    0x08005f80   0x08005f80   0x00000010   Code   RO         1749    .text.USB_ReadDevOutEPInterrupt  stm32u5xx_ll_usb.o
    0x08005f90   0x08005f90   0x00000008   Code   RO         1741    .text.USB_ReadInterrupts  stm32u5xx_ll_usb.o
    0x08005f98   0x08005f98   0x000000aa   Code   RO         1727    .text.USB_ReadPacket  stm32u5xx_ll_usb.o
    0x08006042   0x08006042   0x00000002   PAD
    0x08006044   0x08006044   0x00000064   Code   RO         1699    .text.USB_SetCurrentMode  stm32u5xx_ll_usb.o
    0x080060a8   0x080060a8   0x00000120   Code   RO         1693    .text.USB_SetTurnaroundTime  stm32u5xx_ll_usb.o
    0x080061c8   0x080061c8   0x0000006e   Code   RO         1723    .text.USB_WritePacket  stm32u5xx_ll_usb.o
    0x08006236   0x08006236   0x00000002   PAD
    0x08006238   0x08006238   0x00000002   Code   RO           41    .text.UsageFault_Handler  stm32u5xx_it.o
    0x0800623a   0x0800623a   0x00000002   PAD
    0x0800623c   0x0800623c   0x000002c4   Code   RO           13    .text.main          main.o
    0x08006500   0x08006500   0x00000050   Code   RO         2003    .text.prvIdleTask   tasks.o
    0x08006550   0x08006550   0x00000036   Code   RO         2121    .text.prvTaskExitError  port.o
    0x08006586   0x08006586   0x00000002   PAD
    0x08006588   0x08006588   0x000001b6   Code   RO         2083    .text.pvPortMalloc  heap_4.o
    0x0800673e   0x0800673e   0x00000002   PAD
    0x08006740   0x08006740   0x0000006e   Code   RO         2119    .text.pxPortInitialiseStack  port.o
    0x080067ae   0x080067ae   0x00000002   PAD
    0x080067b0   0x080067b0   0x0000002e   Code   RO           11    .text.toggleLed     main.o
    0x080067de   0x080067de   0x00000002   PAD
    0x080067e0   0x080067e0   0x00000016   Code   RO         2148    .text.ulSetInterruptMask  portasm.o
    0x080067f6   0x080067f6   0x00000002   PAD
    0x080067f8   0x080067f8   0x00000024   Code   RO         1850    .text.uxListRemove  list.o
    0x0800681c   0x0800681c   0x0000000e   Code   RO         2150    .text.vClearInterruptMask  portasm.o
    0x0800682a   0x0800682a   0x00000002   PAD
    0x0800682c   0x0800682c   0x00000016   Code   RO         1842    .text.vListInitialise  list.o
    0x08006842   0x08006842   0x00000002   PAD
    0x08006844   0x08006844   0x00000006   Code   RO         1844    .text.vListInitialiseItem  list.o
    0x0800684a   0x0800684a   0x00000002   PAD
    0x0800684c   0x0800684c   0x0000001e   Code   RO         2111    .text.vPortEnterCritical  port.o
    0x0800686a   0x0800686a   0x00000002   PAD
    0x0800686c   0x0800686c   0x0000002e   Code   RO         2113    .text.vPortExitCritical  port.o
    0x0800689a   0x0800689a   0x00000002   PAD
    0x0800689c   0x0800689c   0x000000c0   Code   RO         2085    .text.vPortFree     heap_4.o
    0x0800695c   0x0800695c   0x00000036   Code   RO         2117    .text.vPortSVCHandler_C  port.o
    0x08006992   0x08006992   0x00000002   PAD
    0x08006994   0x08006994   0x00000034   Code   RO         2107    .text.vPortSetupTimerInterrupt  port.o
    0x080069c8   0x080069c8   0x00000018   Code   RO         2109    .text.vPortYield    port.o
    0x080069e0   0x080069e0   0x00000034   Code   RO         2138    .text.vRestoreContextOfFirstTask  portasm.o
    0x08006a14   0x08006a14   0x0000000c   PAD
    0x08006a20   0x08006a20   0x00000024   Code   RO         2146    .text.vStartFirstTask  portasm.o
    0x08006a44   0x08006a44   0x00000064   Code   RO         2001    .text.vTaskStartScheduler  tasks.o
    0x08006aa8   0x08006aa8   0x00000010   Code   RO         1977    .text.vTaskSuspendAll  tasks.o
    0x08006ab8   0x08006ab8   0x000000a8   Code   RO         1995    .text.vTaskSwitchContext  tasks.o
    0x08006b60   0x08006b60   0x0000005c   Code   RO         2123    .text.xPortStartScheduler  port.o
    0x08006bbc   0x08006bbc   0x00000204   Code   RO         1971    .text.xTaskCreate   tasks.o
    0x08006dc0   0x08006dc0   0x00000172   Code   RO         2007    .text.xTaskIncrementTick  tasks.o
    0x08006f32   0x08006f32   0x00000002   PAD
    0x08006f34   0x08006f34   0x00000124   Code   RO         1981    .text.xTaskResumeAll  tasks.o
    0x08007058   0x08007058   0x0000001a   Code   RO         2293    x$fpl$fpinit        fz_wm.l(fpinit.o)
    0x08007072   0x08007072   0x00000010   Data   RO         1800    .rodata.AHBPrescTable  system_stm32u5xx.o
    0x08007082   0x08007082   0x00000008   Data   RO         1801    .rodata.APBPrescTable  system_stm32u5xx.o
    0x0800708a   0x0800708a   0x00000002   PAD
    0x0800708c   0x0800708c   0x00000080   Data   RO          727    .rodata.LPGPIO_Map  stm32u5xx_hal_gpio.o
    0x0800710c   0x0800710c   0x00000040   Data   RO         1802    .rodata.MSIRangeTable  system_stm32u5xx.o
    0x0800714c   0x0800714c   0x00000018   Data   RO         1535    .rodata.UARTPrescTable  stm32u5xx_hal_uart.o
    0x08007164   0x08007164   0x00000010   Data   RO         1580    .rodata.cst8        stm32u5xx_hal_uart_ex.o
    0x08007174   0x08007174   0x00000004   Data   RO         2070    .rodata.uxTopUsedPriority  tasks.o
    0x08007178   0x08007178   0x00000020   Data   RO         2354    Region$$Table       anon$$obj.o


    Execution Region RW_IRAM1 (Exec base: 0x20000000, Load base: 0x08007198, Size: 0x00013a10, Max: 0x000c0000, ABSOLUTE)

    Exec Addr    Load Addr    Size         Type   Attr      Idx    E Section Name        Object

    0x20000000   0x08007198   0x00000008   Data   RW          445    .data..L_MergedGlobals  stm32u5xx_hal.o
    0x20000008   0x080071a0   0x00000004   Data   RW         1799    .data.SystemCoreClock  system_stm32u5xx.o
    0x2000000c   0x080071a4   0x00000004   Data   RW         2129    .data.ulCriticalNesting  port.o
    0x20000010        -       0x00000060   Zero   RW         2219    .bss                c_w.l(libspace.o)
    0x20000070        -       0x00000074   Zero   RW         2072    .bss..L_MergedGlobals  tasks.o
    0x200000e4        -       0x0000001c   Zero   RW         2098    .bss..L_MergedGlobals  heap_4.o
    0x20000100        -       0x00000028   Zero   RW         2073    .bss..L_MergedGlobals.1  tasks.o
    0x20000128        -       0x0000008c   Zero   RW           21    .bss.hadc1          main.o
    0x200001b4        -       0x0000050c   Zero   RW           23    .bss.hpcd_USB_OTG_FS  main.o
    0x200006c0        -       0x0000004c   Zero   RW           84    .bss.htim6          stm32u5xx_hal_timebase_tim.o
    0x2000070c        -       0x00000094   Zero   RW           22    .bss.huart1         main.o
    0x200007a0        -       0x00000004   Zero   RW         2069    .bss.pxCurrentTCB   tasks.o
    0x200007a4        -       0x00000064   Zero   RW         2071    .bss.pxReadyTasksLists  tasks.o
    0x20000808        -       0x00012c00   Zero   RW         2097    .bss.ucHeap         heap_4.o
    0x20013408        -       0x00000004   Zero   RW          444    .bss.uwTick         stm32u5xx_hal.o
    0x2001340c   0x080071a8   0x00000004   PAD
    0x20013410        -       0x00000200   Zero   RW            2    HEAP                startup_stm32u575xx.o
    0x20013610        -       0x00000400   Zero   RW            1    STACK               startup_stm32u575xx.o


==============================================================================

Image component sizes


      Code (inc. data)   RO Data    RW Data    ZI Data      Debug   Object Name

       630          0          0          0      76828       5746   heap_4.o
        64          0          0          0          0       2267   list.o
       950          4          0          0       1580      15985   main.o
       500          0          0          4          0       3432   port.o
       260         16          0          0          0       1325   portasm.o
        68         28        568          0       1536        944   startup_stm32u575xx.o
       164          0          0          8          4      11725   stm32u5xx_hal.o
      1002          0          0          0          0      33194   stm32u5xx_hal_adc.o
       156          0          0          0          0      14176   stm32u5xx_hal_cortex.o
       606          0        128          0          0       7086   stm32u5xx_hal_gpio.o
       506          0          0          0          0      16670   stm32u5xx_hal_msp.o
      2802          0          0          0          0      16740   stm32u5xx_hal_pcd.o
        40          0          0          0          0       6362   stm32u5xx_hal_pcd_ex.o
       494          0          0          0          0      14297   stm32u5xx_hal_pwr_ex.o
      4342         12          0          0          0      15554   stm32u5xx_hal_rcc.o
      6040        298          0          0          0      22047   stm32u5xx_hal_rcc_ex.o
      1538          0          0          0          0      74859   stm32u5xx_hal_tim.o
        14          0          0          0          0      32740   stm32u5xx_hal_tim_ex.o
       162          0          0          0         76       9812   stm32u5xx_hal_timebase_tim.o
      1958          0         24          0          0      37802   stm32u5xx_hal_uart.o
       334          0         16          0          0      12794   stm32u5xx_hal_uart_ex.o
        36          0          0          0          0       7615   stm32u5xx_it.o
       230          0          0          0          0       4576   stm32u5xx_ll_gpio.o
      2790          0          0          0          0      32611   stm32u5xx_ll_usb.o
        76          0         88          4          0       4276   system_stm32u5xx.o
      1542          8          4          0        260      37648   tasks.o

    ----------------------------------------------------------------------
     27508        378        862         16      80288     442283   Object Totals
         0          0         32          0          0          0   (incl. Generated)
       204         12          2          0          4          0   (incl. Padding)

    ----------------------------------------------------------------------

      Code (inc. data)   RO Data    RW Data    ZI Data      Debug   Library Member Name

         8          0          0          0          0         68   __main.o
         0          0          0          0          0          0   __rtentry.o
        12          0          0          0          0          0   __rtentry2.o
         6          0          0          0          0          0   __rtentry4.o
        52          8          0          0          0          0   __scatter.o
        26          0          0          0          0          0   __scatter_copy.o
        28          0          0          0          0          0   __scatter_zi.o
        16          0          0          0          0         68   aeabi_memset4.o
        18          0          0          0          0         80   exit.o
         6          0          0          0          0        152   heapauxi.o
         0          0          0          0          0          0   indicate_semi.o
         2          0          0          0          0          0   libinit.o
         6          0          0          0          0          0   libinit2.o
         2          0          0          0          0          0   libshutdown.o
         2          0          0          0          0          0   libshutdown2.o
         8          4          0          0         96         68   libspace.o
       240          0          0          0          0        100   lludivv7m.o
        68          0          0          0          0         68   rt_memclr.o
        78          0          0          0          0         80   rt_memclr_w.o
         2          0          0          0          0          0   rtexit.o
        10          0          0          0          0          0   rtexit2.o
        12          4          0          0          0         68   sys_exit.o
        74          0          0          0          0         80   sys_stackheap_outer.o
         2          0          0          0          0         68   use_no_semi.o
        26          0          0          0          0        116   fpinit.o

    ----------------------------------------------------------------------
       710         16          0          0         96       1016   Library Totals
         6          0          0          0          0          0   (incl. Padding)

    ----------------------------------------------------------------------

      Code (inc. data)   RO Data    RW Data    ZI Data      Debug   Library Name

       678         16          0          0         96        900   c_w.l
        26          0          0          0          0        116   fz_wm.l

    ----------------------------------------------------------------------
       710         16          0          0         96       1016   Library Totals

    ----------------------------------------------------------------------

==============================================================================


      Code (inc. data)   RO Data    RW Data    ZI Data      Debug   

     28218        394        862         16      80384     442455   Grand Totals
     28218        394        862         16      80384     442455   ELF Image Totals
     28218        394        862         16          0          0   ROM Totals

==============================================================================

    Total RO  Size (Code + RO Data)                29080 (  28.40kB)
    Total RW  Size (RW Data + ZI Data)             80400 (  78.52kB)
    Total ROM Size (Code + RO Data + RW Data)      29096 (  28.41kB)

==============================================================================

